Starting a Gradle Daemon, 1 busy Daemon could not be reused, use --status for details
> Task :gradle:checkKotlinGradlePluginConfigurationErrors SKIPPED
> Task :gradle:pluginDescriptors
> Task :gradle:processResources

> Task :gradle:compileKotlin
w: file:///C:/Users/kiwun/tools/flutter/git-3.38.5/packages/flutter_tools/gradle/src/main/kotlin/FlutterPlugin.kt:11:37 'ApkVariant' is deprecated. Deprecated in Java
w: file:///C:/Users/kiwun/tools/flutter/git-3.38.5/packages/flutter_tools/gradle/src/main/kotlin/FlutterPlugin.kt:609:69 'ApkVariant' is deprecated. Deprecated in Java
w: file:///C:/Users/kiwun/tools/flutter/git-3.38.5/packages/flutter_tools/gradle/src/main/kotlin/plugins/PluginHandler.kt:186:64 Unchecked cast: NamedDomainObjectContainer<out BuildType> to NamedDomainObjectContainer<BuildType>
w: file:///C:/Users/kiwun/tools/flutter/git-3.38.5/packages/flutter_tools/gradle/src/main/kotlin/plugins/PluginHandler.kt:187:69 Unchecked cast: NamedDomainObjectContainer<out BuildType> to NamedDomainObjectContainer<BuildType>

> Task :gradle:compileJava NO-SOURCE
> Task :gradle:compileGroovy NO-SOURCE
> Task :gradle:classes
> Task :gradle:jar

> Configure project :app
WARNING: Using flatDir should be avoided because it doesn't support any meta-data formats.

> Task :app:checkKotlinGradlePluginConfigurationErrors SKIPPED
> Task :app:preBuild UP-TO-DATE
> Task :app:preDirectDebugBuild UP-TO-DATE
> Task :app:generateDirectDebugBuildConfig
> Task :app:compileFlutterBuildDirectDebug
> Task :app:packJniLibsflutterBuildDirectDebug
> Task :file_selector_android:preBuild UP-TO-DATE
> Task :file_selector_android:preDebugBuild UP-TO-DATE
> Task :flutter_displaymode:preBuild UP-TO-DATE
> Task :flutter_displaymode:preDebugBuild UP-TO-DATE
> Task :flutter_secure_storage:preBuild UP-TO-DATE
> Task :flutter_secure_storage:preDebugBuild UP-TO-DATE
> Task :file_selector_android:writeDebugAarMetadata
> Task :path_provider_android:preBuild UP-TO-DATE
> Task :path_provider_android:preDebugBuild UP-TO-DATE
> Task :flutter_secure_storage:writeDebugAarMetadata
> Task :flutter_displaymode:writeDebugAarMetadata
> Task :url_launcher_android:preBuild UP-TO-DATE
> Task :url_launcher_android:preDebugBuild UP-TO-DATE
> Task :path_provider_android:writeDebugAarMetadata
> Task :video_player_android:preBuild UP-TO-DATE
> Task :video_player_android:preDebugBuild UP-TO-DATE
> Task :url_launcher_android:writeDebugAarMetadata
> Task :video_player_android:writeDebugAarMetadata
> Task :app:cleanMergeDirectDebugAssets
> Task :app:mergeDirectDebugShaders
> Task :app:compileDirectDebugShaders NO-SOURCE
> Task :app:generateDirectDebugAssets UP-TO-DATE
> Task :file_selector_android:mergeDebugShaders
> Task :file_selector_android:compileDebugShaders NO-SOURCE
> Task :file_selector_android:generateDebugAssets UP-TO-DATE
> Task :file_selector_android:mergeDebugAssets
> Task :flutter_displaymode:mergeDebugShaders
> Task :flutter_displaymode:compileDebugShaders NO-SOURCE
> Task :flutter_displaymode:generateDebugAssets UP-TO-DATE
> Task :app:checkDirectDebugAarMetadata
> Task :flutter_displaymode:mergeDebugAssets
> Task :flutter_secure_storage:mergeDebugShaders
> Task :flutter_secure_storage:compileDebugShaders NO-SOURCE
> Task :flutter_secure_storage:generateDebugAssets UP-TO-DATE
> Task :flutter_secure_storage:mergeDebugAssets
> Task :path_provider_android:mergeDebugShaders
> Task :path_provider_android:compileDebugShaders NO-SOURCE
> Task :path_provider_android:generateDebugAssets UP-TO-DATE
> Task :path_provider_android:mergeDebugAssets
> Task :url_launcher_android:mergeDebugShaders
> Task :url_launcher_android:compileDebugShaders NO-SOURCE
> Task :url_launcher_android:generateDebugAssets UP-TO-DATE
> Task :url_launcher_android:mergeDebugAssets
> Task :video_player_android:mergeDebugShaders
> Task :video_player_android:compileDebugShaders NO-SOURCE
> Task :video_player_android:generateDebugAssets UP-TO-DATE
> Task :video_player_android:mergeDebugAssets
> Task :app:mergeDirectDebugAssets
> Task :app:copyFlutterAssetsDirectDebug
> Task :app:generateDirectDebugResValues
> Task :file_selector_android:generateDebugResValues
> Task :file_selector_android:generateDebugResources
> Task :file_selector_android:packageDebugResources
> Task :flutter_displaymode:generateDebugResValues
> Task :flutter_displaymode:generateDebugResources
> Task :flutter_displaymode:packageDebugResources
> Task :flutter_secure_storage:generateDebugResValues
> Task :flutter_secure_storage:generateDebugResources
> Task :flutter_secure_storage:packageDebugResources
> Task :path_provider_android:generateDebugResValues
> Task :path_provider_android:generateDebugResources
> Task :path_provider_android:packageDebugResources
> Task :url_launcher_android:generateDebugResValues
> Task :url_launcher_android:generateDebugResources
> Task :url_launcher_android:packageDebugResources
> Task :video_player_android:generateDebugResValues
> Task :video_player_android:generateDebugResources
> Task :video_player_android:packageDebugResources
> Task :app:mapDirectDebugSourceSetPaths
> Task :app:generateDirectDebugResources
> Task :app:packageDirectDebugResources
> Task :app:createDirectDebugCompatibleScreenManifests
> Task :app:extractDeepLinksDirectDebug
> Task :file_selector_android:extractDeepLinksDebug
> Task :flutter_displaymode:extractDeepLinksDebug
> Task :flutter_secure_storage:extractDeepLinksDebug
> Task :path_provider_android:extractDeepLinksDebug
> Task :url_launcher_android:extractDeepLinksDebug
> Task :video_player_android:extractDeepLinksDebug
> Task :app:parseDirectDebugLocalResources
> Task :file_selector_android:compileDebugLibraryResources

> Task :url_launcher_android:processDebugManifest
package="io.flutter.plugins.urllauncher" found in source AndroidManifest.xml: E:\CodexCaches\pub-cache\hosted\pub.dev\url_launcher_android-6.3.14\android\src\main\AndroidManifest.xml.
Setting the namespace via the package attribute in the source AndroidManifest.xml is no longer supported, and the value is ignored.
Recommendation: remove package="io.flutter.plugins.urllauncher" from the source AndroidManifest.xml: E:\CodexCaches\pub-cache\hosted\pub.dev\url_launcher_android-6.3.14\android\src\main\AndroidManifest.xml.

> Task :path_provider_android:processDebugManifest
package="io.flutter.plugins.pathprovider" found in source AndroidManifest.xml: E:\CodexCaches\pub-cache\hosted\pub.dev\path_provider_android-2.2.15\android\src\main\AndroidManifest.xml.
Setting the namespace via the package attribute in the source AndroidManifest.xml is no longer supported, and the value is ignored.
Recommendation: remove package="io.flutter.plugins.pathprovider" from the source AndroidManifest.xml: E:\CodexCaches\pub-cache\hosted\pub.dev\path_provider_android-2.2.15\android\src\main\AndroidManifest.xml.

> Task :video_player_android:processDebugManifest
package="io.flutter.plugins.videoplayer" found in source AndroidManifest.xml: E:\CodexCaches\pub-cache\hosted\pub.dev\video_player_android-2.9.5\android\src\main\AndroidManifest.xml.
Setting the namespace via the package attribute in the source AndroidManifest.xml is no longer supported, and the value is ignored.
Recommendation: remove package="io.flutter.plugins.videoplayer" from the source AndroidManifest.xml: E:\CodexCaches\pub-cache\hosted\pub.dev\video_player_android-2.9.5\android\src\main\AndroidManifest.xml.

> Task :flutter_secure_storage:processDebugManifest
> Task :flutter_displaymode:compileDebugLibraryResources
> Task :flutter_displaymode:processDebugManifest
> Task :file_selector_android:parseDebugLocalResources

> Task :file_selector_android:processDebugManifest
package="dev.flutter.packages.file_selector_android" found in source AndroidManifest.xml: E:\CodexCaches\pub-cache\hosted\pub.dev\file_selector_android-0.5.2+6\android\src\main\AndroidManifest.xml.
Setting the namespace via the package attribute in the source AndroidManifest.xml is no longer supported, and the value is ignored.
Recommendation: remove package="dev.flutter.packages.file_selector_android" from the source AndroidManifest.xml: E:\CodexCaches\pub-cache\hosted\pub.dev\file_selector_android-0.5.2+6\android\src\main\AndroidManifest.xml.

> Task :flutter_displaymode:parseDebugLocalResources
> Task :app:processDirectDebugMainManifest
> Task :app:outputDirectDebugAppLinkSettings
> Task :app:processDirectDebugManifest
> Task :flutter_secure_storage:compileDebugLibraryResources
> Task :path_provider_android:compileDebugLibraryResources
> Task :flutter_secure_storage:parseDebugLocalResources
> Task :file_selector_android:generateDebugRFile
> Task :flutter_displaymode:generateDebugRFile
> Task :path_provider_android:parseDebugLocalResources
> Task :url_launcher_android:compileDebugLibraryResources
> Task :flutter_secure_storage:generateDebugRFile
> Task :url_launcher_android:parseDebugLocalResources
> Task :video_player_android:compileDebugLibraryResources
> Task :path_provider_android:generateDebugRFile
> Task :file_selector_android:checkKotlinGradlePluginConfigurationErrors SKIPPED
> Task :video_player_android:parseDebugLocalResources
> Task :url_launcher_android:generateDebugRFile
> Task :app:mergeDirectDebugResources
> Task :flutter_displaymode:javaPreCompileDebug
> Task :file_selector_android:javaPreCompileDebug
> Task :video_player_android:generateDebugRFile
> Task :flutter_secure_storage:generateDebugBuildConfig
> Task :flutter_displaymode:compileDebugJavaWithJavac
> Task :flutter_secure_storage:javaPreCompileDebug
> Task :path_provider_android:javaPreCompileDebug
> Task :flutter_displaymode:bundleLibCompileToJarDebug
> Task :flutter_secure_storage:compileDebugJavaWithJavac
> Task :app:processDirectDebugManifestForPackage
> Task :flutter_secure_storage:bundleLibCompileToJarDebug
> Task :path_provider_android:compileDebugJavaWithJavac
> Task :path_provider_android:bundleLibCompileToJarDebug
> Task :url_launcher_android:generateDebugBuildConfig
> Task :video_player_android:checkKotlinGradlePluginConfigurationErrors SKIPPED
> Task :url_launcher_android:javaPreCompileDebug
> Task :app:processDirectDebugResources
> Task :url_launcher_android:compileDebugJavaWithJavac
> Task :url_launcher_android:bundleLibCompileToJarDebug
> Task :video_player_android:javaPreCompileDebug
> Task :app:preDirectDebugUnitTestBuild UP-TO-DATE
> Task :app:javaPreCompileDirectDebug
> Task :app:javaPreCompileDirectDebugUnitTest
> Task :flutter_displaymode:processDebugJavaRes NO-SOURCE
> Task :flutter_secure_storage:processDebugJavaRes NO-SOURCE
> Task :path_provider_android:processDebugJavaRes NO-SOURCE
> Task :flutter_displaymode:bundleLibRuntimeToJarDebug
> Task :url_launcher_android:processDebugJavaRes NO-SOURCE
> Task :app:preStoreDebugBuild UP-TO-DATE
> Task :path_provider_android:bundleLibRuntimeToJarDebug
> Task :url_launcher_android:bundleLibRuntimeToJarDebug
> Task :app:generateStoreDebugBuildConfig
> Task :flutter_secure_storage:bundleLibRuntimeToJarDebug
> Task :file_selector_android:compileDebugKotlin
> Task :video_player_android:compileDebugKotlin
> Task :app:compileFlutterBuildStoreDebug
> Task :file_selector_android:compileDebugJavaWithJavac
> Task :file_selector_android:bundleLibCompileToJarDebug
> Task :video_player_android:compileDebugJavaWithJavac
> Task :video_player_android:bundleLibCompileToJarDebug
> Task :file_selector_android:bundleLibRuntimeToJarDebug
> Task :file_selector_android:processDebugJavaRes
> Task :video_player_android:bundleLibRuntimeToJarDebug
> Task :video_player_android:processDebugJavaRes
> Task :app:packJniLibsflutterBuildStoreDebug
> Task :app:mergeStoreDebugShaders
> Task :app:checkStoreDebugAarMetadata
> Task :app:compileStoreDebugShaders NO-SOURCE
> Task :app:generateStoreDebugAssets UP-TO-DATE
> Task :app:generateStoreDebugResValues
> Task :app:mapStoreDebugSourceSetPaths
> Task :app:generateStoreDebugResources
> Task :app:packageStoreDebugResources
> Task :app:createStoreDebugCompatibleScreenManifests
> Task :app:extractDeepLinksStoreDebug
> Task :app:parseStoreDebugLocalResources
> Task :app:processStoreDebugMainManifest
> Task :app:outputStoreDebugAppLinkSettings
> Task :app:processStoreDebugManifest
> Task :app:preStoreDebugUnitTestBuild UP-TO-DATE
> Task :app:javaPreCompileStoreDebug
> Task :app:javaPreCompileStoreDebugUnitTest
> Task :app:processStoreDebugManifestForPackage
> Task :app:mergeStoreDebugResources

> Task :app:compileDirectDebugKotlin
w: file:///E:/r12client/apps/android_shell/android/app/src/main/kotlin/space/pokrov/pokrov_android_shell/AndroidNodeLatencyProbe.kt:87:36 'val allNetworks: Array<(out) Network!>' is deprecated. Deprecated in Java.

> Task :app:compileDirectDebugJavaWithJavac
> Task :app:processDirectDebugJavaRes
> Task :app:bundleDirectDebugClassesToRuntimeJar
> Task :app:bundleDirectDebugClassesToCompileJar

> Task :app:compileDirectDebugUnitTestKotlin
w: file:///E:/r12client/apps/android_shell/android/app/src/test/kotlin/space/pokrov/pokrov_android_shell/AndroidPlatformRuntimeBridgeTest.kt:296:9 'static fun assertEquals(p0: Array<(out) Any!>!, p1: Array<(out) Any!>!): Unit' is deprecated. Deprecated in Java.

> Task :app:compileDirectDebugUnitTestJavaWithJavac NO-SOURCE
> Task :app:processDirectDebugUnitTestJavaRes
> Task :app:testDirectDebugUnitTest
> Task :app:cleanMergeStoreDebugAssets
> Task :app:mergeStoreDebugAssets
> Task :app:copyFlutterAssetsStoreDebug
> Task :app:processStoreDebugResources

> Task :app:compileStoreDebugKotlin
w: file:///E:/r12client/apps/android_shell/android/app/src/main/kotlin/space/pokrov/pokrov_android_shell/AndroidNodeLatencyProbe.kt:87:36 'val allNetworks: Array<(out) Network!>' is deprecated. Deprecated in Java.

> Task :app:compileStoreDebugJavaWithJavac
> Task :app:processStoreDebugJavaRes
> Task :app:bundleStoreDebugClassesToRuntimeJar
> Task :app:bundleStoreDebugClassesToCompileJar

> Task :app:compileStoreDebugUnitTestKotlin
w: file:///E:/r12client/apps/android_shell/android/app/src/test/kotlin/space/pokrov/pokrov_android_shell/AndroidPlatformRuntimeBridgeTest.kt:296:9 'static fun assertEquals(p0: Array<(out) Any!>!, p1: Array<(out) Any!>!): Unit' is deprecated. Deprecated in Java.

> Task :app:compileStoreDebugUnitTestJavaWithJavac NO-SOURCE
> Task :app:processStoreDebugUnitTestJavaRes
> Task :app:testStoreDebugUnitTest

BUILD SUCCESSFUL in 2m 33s
162 actionable tasks: 162 executed
