cross-repository-contract	Validate cross-repository release-handoff v2 contract	﻿2026-09-09T02:06:32.7738100Z ##[group]Run python scripts/run_client_release_gate.py contract --client-root "/home/runner/work/portal/portal/POKROV-app" --core-root "/home/runner/work/portal/portal/POKROV-core-authority"
cross-repository-contract	Validate cross-repository release-handoff v2 contract	2026-09-09T02:06:32.7739322Z ^[[36;1mpython scripts/run_client_release_gate.py contract --client-root "/home/runner/work/portal/portal/POKROV-app" --core-root "/home/runner/work/portal/portal/POKROV-core-authority"^[[0m
cross-repository-contract	Validate cross-repository release-handoff v2 contract	2026-09-09T02:06:32.7779812Z shell: /usr/bin/bash -e {0}
cross-repository-contract	Validate cross-repository release-handoff v2 contract	2026-09-09T02:06:32.7780091Z env:
cross-repository-contract	Validate cross-repository release-handoff v2 contract	2026-09-09T02:06:32.7780555Z   pythonLocation: /opt/hostedtoolcache/Python/3.12.5/x64
cross-repository-contract	Validate cross-repository release-handoff v2 contract	2026-09-09T02:06:32.7780995Z   PKG_CONFIG_PATH: /opt/hostedtoolcache/Python/3.12.5/x64/lib/pkgconfig
cross-repository-contract	Validate cross-repository release-handoff v2 contract	2026-09-09T02:06:32.7781407Z   Python_ROOT_DIR: /opt/hostedtoolcache/Python/3.12.5/x64
cross-repository-contract	Validate cross-repository release-handoff v2 contract	2026-09-09T02:06:32.7781787Z   Python2_ROOT_DIR: /opt/hostedtoolcache/Python/3.12.5/x64
cross-repository-contract	Validate cross-repository release-handoff v2 contract	2026-09-09T02:06:32.7782157Z   Python3_ROOT_DIR: /opt/hostedtoolcache/Python/3.12.5/x64
cross-repository-contract	Validate cross-repository release-handoff v2 contract	2026-09-09T02:06:32.7782546Z   LD_LIBRARY_PATH: /opt/hostedtoolcache/Python/3.12.5/x64/lib
cross-repository-contract	Validate cross-repository release-handoff v2 contract	2026-09-09T02:06:32.7782902Z ##[endgroup]
cross-repository-contract	Validate cross-repository release-handoff v2 contract	2026-09-09T02:06:34.3713311Z Client/Core version parity OK: app=1.2.0+4053 public=1.1.6 target_state=PRE_CANDIDATE_LOCAL core_pre_candidate=1.1.0 core_target=1.1.0 desktop_abi=2 core_checkout=PASS
cross-repository-contract	Validate cross-repository release-handoff v2 contract	2026-09-09T02:06:34.4894776Z Cross-repository product facts projection OK.
cross-repository-contract	Validate cross-repository release-handoff v2 contract	2026-09-09T02:06:34.4984428Z Cross-repository version truth OK: public=1.1.6 package=1.1.6+29 target=1.2.0+4053 state=PRE_CANDIDATE_LOCAL candidate=False
cross-repository-contract	Validate cross-repository release-handoff v2 contract	2026-09-09T02:06:34.6062197Z {"catalog_entry_count":127,"catalog_sha256":"1cef07aea2f859891794546569431d0e6aab91c6921729389fd63013f3002af1","event_schema_sha256":"24ae72442f778d7f1334ae0a4bf4d774738e4de275707b29420ec733af65cc17","status":"VALID"}
cross-repository-contract	Validate cross-repository release-handoff v2 contract	2026-09-09T02:06:34.7906517Z ^[[31;1mException: ^[[0m/home/runner/work/portal/portal/POKROV-app/scripts/validate-seed.ps1:827^[[0m
cross-repository-contract	Validate cross-repository release-handoff v2 contract	2026-09-09T02:06:34.7907455Z ^[[31;1m^[[0m^[[36;1mLine |^[[0m
cross-repository-contract	Validate cross-repository release-handoff v2 contract	2026-09-09T02:06:34.7908170Z ^[[31;1m^[[0m^[[36;1m^[[36;1m 827 | ^[[0m   ^[[36;1mthrow "Observability contract parity failed during seed validation:^[[0m …^[[0m
cross-repository-contract	Validate cross-repository release-handoff v2 contract	2026-09-09T02:06:34.7908949Z ^[[31;1m^[[0m^[[36;1m^[[36;1m^[[0m^[[36;1m^[[0m^[[36;1m     | ^[[31;1m   ~~~~~~~~~~~~~~~~~~~~~~~~~~~~~~~~~~~~~~~~~~~~~~~~~~~~~~~~~~~~~~~~~~~^[[0m
cross-repository-contract	Validate cross-repository release-handoff v2 contract	2026-09-09T02:06:34.7909736Z ^[[31;1m^[[0m^[[36;1m^[[36;1m^[[0m^[[36;1m^[[0m^[[36;1m^[[31;1m^[[31;1m^[[36;1m     | ^[[31;1mObservability contract parity failed during seed validation: Client^[[0m
cross-repository-contract	Validate cross-repository release-handoff v2 contract	2026-09-09T02:06:34.7911037Z ^[[31;1m^[[0m^[[36;1m^[[36;1m^[[0m^[[36;1m^[[0m^[[36;1m^[[31;1m^[[31;1m^[[36;1m^[[31;1m^[[36;1m     | ^[[31;1mobservability snapshot disagrees with the canonical platform contract.^[[0m
cross-repository-contract	Validate cross-repository release-handoff v2 contract	2026-09-09T02:06:34.8343321Z [client-gate] /usr/bin/pwsh -NoProfile -ExecutionPolicy Bypass -File /home/runner/work/portal/portal/POKROV-app/scripts/validate-seed.ps1 -PlatformRoot /home/runner/work/portal/portal/platform -CoreRoot /home/runner/work/portal/portal/POKROV-core-authority (cwd=/home/runner/work/portal/portal/POKROV-app)
cross-repository-contract	Validate cross-repository release-handoff v2 contract	2026-09-09T02:06:34.8434714Z ##[error]Process completed with exit code 1.
