repo-guardrails	Set up job	2026-09-09T02:05:13.3721508Z Ubuntu
repo-guardrails	Set up job	2026-09-09T02:05:13.3721864Z 24.04.4
repo-guardrails	Set up job	2026-09-09T02:05:13.3723407Z Image: ubuntu-24.04
repo-guardrails	Set up job	2026-09-09T02:05:13.3723796Z Version: 20260831.293.1
repo-guardrails	Setup Python	2026-09-09T02:05:26.8240852Z Successfully set up CPython (3.12.5)
repo-guardrails	Setup Node	2026-09-09T02:05:31.6032189Z node: v22.14.0
repo-guardrails	Setup Node	2026-09-09T02:05:31.6032626Z npm: 10.9.2
repo-guardrails	Validate canonical adminapp candidate	2026-09-09T02:08:56.0803212Z   80 passed (1.4m)
repo-guardrails	Validate support signing custody controls	2026-09-09T02:08:58.2192154Z 11 passed in 0.10s
cross-repository-contract	Set up job	2026-09-09T02:08:09.1962614Z Ubuntu
cross-repository-contract	Set up job	2026-09-09T02:08:09.1963402Z 24.04.4
cross-repository-contract	Set up job	2026-09-09T02:08:09.1966666Z Image: ubuntu-24.04
cross-repository-contract	Set up job	2026-09-09T02:08:09.1967386Z Version: 20260831.293.1
cross-repository-contract	Setup Python	2026-09-09T02:09:52.1089351Z Successfully set up CPython (3.12.14)
cross-repository-contract	Setup Java	2026-09-09T02:09:52.3275996Z Resolved Java 17.0.20+1 from tool-cache
cross-repository-contract	Setup Go	2026-09-09T02:10:02.8047242Z go version go1.25.13 linux/amd64
cross-repository-contract	Run client unit and Android flavor tests	2026-09-09T02:10:59.9638426Z Windows signing runtime negatives SKIPPED_BY_PLATFORM; source contract passed.
cross-repository-contract	Run client unit and Android flavor tests	2026-09-09T02:11:11.4223413Z 🎉 3 tests passed.
cross-repository-contract	Run client unit and Android flavor tests	2026-09-09T02:11:20.9607037Z 🎉 29 tests passed.
cross-repository-contract	Run client unit and Android flavor tests	2026-09-09T02:11:29.4000831Z 🎉 6 tests passed.
cross-repository-contract	Run client unit and Android flavor tests	2026-09-09T02:11:38.5491480Z 🎉 15 tests passed.
cross-repository-contract	Run client unit and Android flavor tests	2026-09-09T02:12:51.0532387Z 🎉 473 tests passed.
cross-repository-contract	Run client unit and Android flavor tests	2026-09-09T02:13:00.0069231Z ##[group]❎ real Windows POKROV Core 1.1.0 survives 100 start-stop cycles (skipped)
cross-repository-contract	Run client unit and Android flavor tests	2026-09-09T02:13:15.5449681Z 🎉 81 tests passed, 1 skipped.
cross-repository-contract	Run client unit and Android flavor tests	2026-09-09T02:13:28.2572114Z 🎉 8 tests passed.
cross-repository-contract	Run client unit and Android flavor tests	2026-09-09T02:13:40.8587316Z 🎉 5 tests passed.
cross-repository-contract	Run client unit and Android flavor tests	2026-09-09T02:13:53.2302209Z 🎉 24 tests passed.
cross-repository-contract	Run client unit and Android flavor tests	2026-09-09T02:17:55.6362167Z > Task :app:testDirectDebugUnitTest
cross-repository-contract	Run client unit and Android flavor tests	2026-09-09T02:18:04.7360929Z > Task :app:testStoreDebugUnitTest
cross-repository-contract	Run client unit and Android flavor tests	2026-09-09T02:18:04.7380538Z BUILD SUCCESSFUL in 4m 11s
cross-repository-contract	Run client unit and Android flavor tests	2026-09-09T02:18:05.1141297Z Workspace Flutter and Android unit tests passed.
