
[RUN] performance-contract
{"budget_count": 32, "contract_id": "pokrov.performance-budgets", "contract_version": "1.0.0", "sha256": "9edc0b96ee1b7e762342d8ff72f974d61898540fd5c4174ff0cc8d6583d6fca2", "status": "PASS"}
[PASS] performance-contract (0.145s)

[RUN] performance-contract-tests
..............................                                           [100%]
30 passed in 2.25s
[PASS] performance-contract-tests (2.980s)

[RUN] client-analyze
Resolving dependencies...
Downloading packages...
  async 2.11.0 (2.13.1 available)
  boolean_selector 2.1.1 (2.1.2 available)
  characters 1.4.0 (1.4.1 available)
  clock 1.1.2 (1.1.3 available)
  cross_file 0.3.5+4 (0.3.5+5 available)
  ffi 2.1.3 (2.2.0 available)
  file_selector_android 0.5.2+6 (0.5.2+10 available)
  file_selector_ios 0.5.3+5 (0.5.3+6 available)
  file_selector_linux 0.9.4 (0.9.4+1 available)
  file_selector_macos 0.9.5 (0.9.5+1 available)
  file_selector_windows 0.9.3+5 (0.9.3+6 available)
  flutter_secure_storage 10.3.1 (11.0.0 available)
  flutter_secure_storage_darwin 0.3.2 (0.4.1 available)
  flutter_secure_storage_linux 3.0.1 (3.0.2 available)
  flutter_secure_storage_platform_interface 2.0.1 (2.0.3 available)
  flutter_secure_storage_windows 4.1.0 (4.2.2 available)
  html 0.15.6 (0.15.7 available)
  jovial_svg 1.1.29 (1.1.30 available)
  matcher 0.12.17 (0.12.20 available)
  material_color_utilities 0.11.1 (0.13.1 available)
  meta 1.17.0 (1.19.0 available)
  path_provider 2.1.5 (2.1.6 available)
  path_provider_android 2.2.15 (2.3.1 available)
  path_provider_foundation 2.4.1 (2.6.0 available)
  path_provider_linux 2.2.1 (2.2.2 available)
  path_provider_platform_interface 2.1.2 (2.1.3 available)
  platform 3.1.6 (3.2.0 available)
  source_span 1.10.0 (1.10.2 available)
  stack_trace 1.12.1 (1.12.2 available)
  string_scanner 1.2.0 (1.4.1 available)
  term_glyph 1.2.1 (1.2.2 available)
  test_api 0.7.7 (0.7.14 available)
  url_launcher 6.3.1 (6.3.2 available)
  url_launcher_android 6.3.14 (6.3.33 available)
  url_launcher_ios 6.3.3 (6.4.2 available)
  url_launcher_linux 3.2.1 (3.2.3 available)
  url_launcher_macos 3.2.2 (3.2.6 available)
  url_launcher_web 2.3.3 (2.4.3 available)
  url_launcher_windows 3.1.4 (3.1.6 available)
  vector_math 2.2.0 (2.4.2 available)
  video_player 2.11.1 (2.14.0 available)
  video_player_android 2.9.5 (2.12.2 available)
  video_player_avfoundation 2.11.0 (2.12.0 available)
  vm_service 14.2.5 (15.3.0 available)
  win32 5.10.1 (6.4.0 available)
  xml 6.6.1 (7.0.1 available)
Got dependencies!
46 packages have newer versions incompatible with dependency constraints.
Try `flutter pub outdated` for more information.
Analyzing app_shell...                                          
No issues found! (ran in 5.7s)
[PASS] client-analyze (9.054s)

[RUN] client-widget-suite
Resolving dependencies...
Downloading packages...
  async 2.11.0 (2.13.1 available)
  boolean_selector 2.1.1 (2.1.2 available)
  characters 1.4.0 (1.4.1 available)
  clock 1.1.2 (1.1.3 available)
  cross_file 0.3.5+4 (0.3.5+5 available)
  ffi 2.1.3 (2.2.0 available)
  file_selector_android 0.5.2+6 (0.5.2+10 available)
  file_selector_ios 0.5.3+5 (0.5.3+6 available)
  file_selector_linux 0.9.4 (0.9.4+1 available)
  file_selector_macos 0.9.5 (0.9.5+1 available)
  file_selector_windows 0.9.3+5 (0.9.3+6 available)
  flutter_secure_storage 10.3.1 (11.0.0 available)
  flutter_secure_storage_darwin 0.3.2 (0.4.1 available)
  flutter_secure_storage_linux 3.0.1 (3.0.2 available)
  flutter_secure_storage_platform_interface 2.0.1 (2.0.3 available)
  flutter_secure_storage_windows 4.1.0 (4.2.2 available)
  html 0.15.6 (0.15.7 available)
  jovial_svg 1.1.29 (1.1.30 available)
  matcher 0.12.17 (0.12.20 available)
  material_color_utilities 0.11.1 (0.13.1 available)
  meta 1.17.0 (1.19.0 available)
  path_provider 2.1.5 (2.1.6 available)
  path_provider_android 2.2.15 (2.3.1 available)
  path_provider_foundation 2.4.1 (2.6.0 available)
  path_provider_linux 2.2.1 (2.2.2 available)
  path_provider_platform_interface 2.1.2 (2.1.3 available)
  platform 3.1.6 (3.2.0 available)
  source_span 1.10.0 (1.10.2 available)
  stack_trace 1.12.1 (1.12.2 available)
  string_scanner 1.2.0 (1.4.1 available)
  term_glyph 1.2.1 (1.2.2 available)
  test_api 0.7.7 (0.7.14 available)
  url_launcher 6.3.1 (6.3.2 available)
  url_launcher_android 6.3.14 (6.3.33 available)
  url_launcher_ios 6.3.3 (6.4.2 available)
  url_launcher_linux 3.2.1 (3.2.3 available)
  url_launcher_macos 3.2.2 (3.2.6 available)
  url_launcher_web 2.3.3 (2.4.3 available)
  url_launcher_windows 3.1.4 (3.1.6 available)
  vector_math 2.2.0 (2.4.2 available)
  video_player 2.11.1 (2.14.0 available)
  video_player_android 2.9.5 (2.12.2 available)
  video_player_avfoundation 2.11.0 (2.12.0 available)
  vm_service 14.2.5 (15.3.0 available)
  win32 5.10.1 (6.4.0 available)
  xml 6.6.1 (7.0.1 available)
Got dependencies!
46 packages have newer versions incompatible with dependency constraints.
Try `flutter pub outdated` for more information.
00:00 +0: loading E:/r12-current-inputs-client-20260908/packages/app_shell/test/account_session_coordinator_test.dart
00:00 +0: E:/r12-current-inputs-client-20260908/packages/app_shell/test/account_session_coordinator_test.dart: summary callers share an ordered flight and can refresh again
00:00 +1: E:/r12-current-inputs-client-20260908/packages/app_shell/test/account_session_coordinator_test.dart: summary failure releases the shared flight for retry
00:00 +2: E:/r12-current-inputs-client-20260908/packages/app_shell/test/account_session_coordinator_test.dart: summary stops after subscription when shell becomes inactive
00:00 +3: E:/r12-current-inputs-client-20260908/packages/app_shell/test/account_session_coordinator_test.dart: summary stops after bonus when shell becomes inactive
00:00 +4: E:/r12-current-inputs-client-20260908/packages/app_shell/test/account_session_coordinator_test.dart: account session owns access and subscription state independently
00:00 +5: E:/r12-current-inputs-client-20260908/packages/app_shell/test/adaptive_behavior_test.dart: scroll physics follow the host platform
00:00 +6: E:/r12-current-inputs-client-20260908/packages/app_shell/test/adaptive_behavior_test.dart: route transitions preserve platform conventions
00:00 +7: E:/r12-current-inputs-client-20260908/packages/app_shell/test/adaptive_behavior_test.dart: switch uses Material on Windows and Cupertino on Apple hosts
00:01 +8: E:/r12-current-inputs-client-20260908/packages/app_shell/test/android_client_update_channel_test.dart: Android update bridge sends bounded identity fields and maps store handoff
00:01 +9: E:/r12-current-inputs-client-20260908/packages/app_shell/test/app_first_runtime_bootstrap_test.dart: managed TUN MTU rejects missing malformed and unsafe values
00:01 +10: E:/r12-current-inputs-client-20260908/packages/app_shell/test/app_first_runtime_bootstrap_test.dart: protected managed cache restores exact profile after restart and respects server denial
00:01 +11: E:/r12-current-inputs-client-20260908/packages/app_shell/test/app_first_runtime_bootstrap_test.dart: protected managed cache restores exact profile after restart and respects server denial
00:01 +12: E:/r12-current-inputs-client-20260908/packages/app_shell/test/app_first_runtime_bootstrap_test.dart: protected managed cache restores exact profile after restart and respects server denial
00:01 +13: E:/r12-current-inputs-client-20260908/packages/app_shell/test/app_first_runtime_bootstrap_test.dart: protected managed cache restores exact profile after restart and respects server denial
00:01 +14: E:/r12-current-inputs-client-20260908/packages/app_shell/test/app_first_runtime_bootstrap_test.dart: protected managed cache restores exact profile after restart and respects server denial
00:01 +15: E:/r12-current-inputs-client-20260908/packages/app_shell/test/app_first_runtime_bootstrap_test.dart: protected managed cache restores exact profile after restart and respects server denial
00:01 +16: E:/r12-current-inputs-client-20260908/packages/app_shell/test/app_first_runtime_bootstrap_test.dart: protected managed cache restores exact profile after restart and respects server denial
00:02 +17: E:/r12-current-inputs-client-20260908/packages/app_shell/test/app_first_runtime_bootstrap_test.dart: protected managed cache restores exact profile after restart and respects server denial
00:02 +18: E:/r12-current-inputs-client-20260908/packages/app_shell/test/app_first_runtime_bootstrap_test.dart: protected managed cache restores exact profile after restart and respects server denial
00:02 +19: E:/r12-current-inputs-client-20260908/packages/app_shell/test/app_first_runtime_bootstrap_test.dart: protected managed cache restores exact profile after restart and respects server denial
00:02 +20: E:/r12-current-inputs-client-20260908/packages/app_shell/test/app_first_runtime_bootstrap_test.dart: protected managed cache restores exact profile after restart and respects server denial
00:02 +21: E:/r12-current-inputs-client-20260908/packages/app_shell/test/app_first_runtime_bootstrap_test.dart: protected managed cache restores exact profile after restart and respects server denial
00:02 +22: E:/r12-current-inputs-client-20260908/packages/app_shell/test/app_first_runtime_bootstrap_test.dart: automatic Android network context reports unknown origin through API and throttles duplicates
00:02 +23: E:/r12-current-inputs-client-20260908/packages/app_shell/test/app_first_runtime_bootstrap_test.dart: default API origin is owned and arbitrary fallbacks are rejected
00:02 +24: E:/r12-current-inputs-client-20260908/packages/app_shell/test/app_first_runtime_bootstrap_test.dart: API preflight rejects HTML and sends one POST to the healthy fallback
00:02 +25: E:/r12-current-inputs-client-20260908/packages/app_shell/test/app_first_runtime_bootstrap_test.dart: non-idempotent API request is not replayed after transport failure
00:02 +26: E:/r12-current-inputs-client-20260908/packages/app_shell/test/client_diagnostics_test.dart: verified runtime exposes four current proofs and stable message keys
00:02 +27: E:/r12-current-inputs-client-20260908/packages/app_shell/test/app_first_runtime_bootstrap_test.dart: prewarmed emergency bundle connects without any control-plane request
00:02 +28: E:/r12-current-inputs-client-20260908/packages/app_shell/test/app_first_runtime_bootstrap_test.dart: prewarmed emergency bundle connects without any control-plane request
00:02 +29: E:/r12-current-inputs-client-20260908/packages/app_shell/test/app_first_runtime_bootstrap_test.dart: prewarmed emergency bundle connects without any control-plane request
00:02 +30: E:/r12-current-inputs-client-20260908/packages/app_shell/test/app_first_runtime_bootstrap_test.dart: prewarmed emergency bundle connects without any control-plane request
00:02 +31: E:/r12-current-inputs-client-20260908/packages/app_shell/test/app_first_runtime_bootstrap_test.dart: prewarmed emergency bundle connects without any control-plane request
00:02 +32: E:/r12-current-inputs-client-20260908/packages/app_shell/test/app_first_runtime_bootstrap_test.dart: prewarmed emergency bundle connects without any control-plane request
00:02 +33: E:/r12-current-inputs-client-20260908/packages/app_shell/test/app_first_runtime_bootstrap_test.dart: prewarmed emergency bundle connects without any control-plane request
00:02 +34: E:/r12-current-inputs-client-20260908/packages/app_shell/test/app_first_runtime_bootstrap_test.dart: prewarmed emergency bundle connects without any control-plane request
00:02 +35: E:/r12-current-inputs-client-20260908/packages/app_shell/test/app_first_runtime_bootstrap_test.dart: prewarmed emergency bundle connects without any control-plane request
00:02 +36: E:/r12-current-inputs-client-20260908/packages/app_shell/test/app_first_runtime_bootstrap_test.dart: prewarmed emergency bundle connects without any control-plane request
00:02 +37: E:/r12-current-inputs-client-20260908/packages/app_shell/test/app_first_runtime_bootstrap_test.dart: prewarmed emergency bundle connects without any control-plane request
00:02 +38: E:/r12-current-inputs-client-20260908/packages/app_shell/test/app_first_runtime_bootstrap_test.dart: prewarmed emergency bundle connects without any control-plane request
00:02 +39: E:/r12-current-inputs-client-20260908/packages/app_shell/test/app_first_runtime_bootstrap_test.dart: prewarmed emergency bundle connects without any control-plane request
00:02 +40: E:/r12-current-inputs-client-20260908/packages/app_shell/test/app_first_runtime_bootstrap_test.dart: prewarmed emergency bundle connects without any control-plane request
00:02 +41: E:/r12-current-inputs-client-20260908/packages/app_shell/test/app_first_runtime_bootstrap_test.dart: prewarmed emergency bundle connects without any control-plane request
00:02 +42: E:/r12-current-inputs-client-20260908/packages/app_shell/test/client_diagnostics_test.dart: screen renders catalog rule and sanitized safe actions
00:02 +43: E:/r12-current-inputs-client-20260908/packages/app_shell/test/client_diagnostics_test.dart: screen renders catalog rule and sanitized safe actions
00:02 +44: E:/r12-current-inputs-client-20260908/packages/app_shell/test/client_diagnostics_test.dart: screen renders catalog rule and sanitized safe actions
00:02 +45: E:/r12-current-inputs-client-20260908/packages/app_shell/test/client_diagnostics_test.dart: screen renders catalog rule and sanitized safe actions
00:02 +46: E:/r12-current-inputs-client-20260908/packages/app_shell/test/client_diagnostics_test.dart: screen renders catalog rule and sanitized safe actions
00:02 +47: E:/r12-current-inputs-client-20260908/packages/app_shell/test/client_diagnostics_test.dart: screen renders catalog rule and sanitized safe actions
00:02 +48: E:/r12-current-inputs-client-20260908/packages/app_shell/test/client_diagnostics_test.dart: screen renders catalog rule and sanitized safe actions
00:02 +49: E:/r12-current-inputs-client-20260908/packages/app_shell/test/client_diagnostics_test.dart: screen renders catalog rule and sanitized safe actions
00:02 +50: E:/r12-current-inputs-client-20260908/packages/app_shell/test/client_diagnostics_test.dart: screen renders catalog rule and sanitized safe actions
00:02 +51: E:/r12-current-inputs-client-20260908/packages/app_shell/test/client_diagnostics_test.dart: screen renders catalog rule and sanitized safe actions
00:02 +52: E:/r12-current-inputs-client-20260908/packages/app_shell/test/client_diagnostics_test.dart: screen renders catalog rule and sanitized safe actions
00:02 +53: E:/r12-current-inputs-client-20260908/packages/app_shell/test/client_diagnostics_test.dart: screen renders catalog rule and sanitized safe actions
00:02 +54: E:/r12-current-inputs-client-20260908/packages/app_shell/test/client_diagnostics_test.dart: screen renders catalog rule and sanitized safe actions
00:02 +55: E:/r12-current-inputs-client-20260908/packages/app_shell/test/client_diagnostics_test.dart: screen renders catalog rule and sanitized safe actions
00:02 +56: E:/r12-current-inputs-client-20260908/packages/app_shell/test/client_diagnostics_test.dart: screen renders catalog rule and sanitized safe actions
00:02 +57: E:/r12-current-inputs-client-20260908/packages/app_shell/test/client_diagnostics_test.dart: screen renders catalog rule and sanitized safe actions
00:02 +58: E:/r12-current-inputs-client-20260908/packages/app_shell/test/client_diagnostics_test.dart: screen renders catalog rule and sanitized safe actions
00:02 +59: E:/r12-current-inputs-client-20260908/packages/app_shell/test/client_diagnostics_test.dart: screen renders catalog rule and sanitized safe actions
00:02 +60: E:/r12-current-inputs-client-20260908/packages/app_shell/test/client_diagnostics_test.dart: screen renders catalog rule and sanitized safe actions
00:02 +61: E:/r12-current-inputs-client-20260908/packages/app_shell/test/client_diagnostics_test.dart: screen renders catalog rule and sanitized safe actions
00:02 +62: E:/r12-current-inputs-client-20260908/packages/app_shell/test/client_diagnostics_test.dart: screen renders catalog rule and sanitized safe actions
00:02 +63: E:/r12-current-inputs-client-20260908/packages/app_shell/test/client_diagnostics_test.dart: screen renders catalog rule and sanitized safe actions
00:02 +64: E:/r12-current-inputs-client-20260908/packages/app_shell/test/client_diagnostics_test.dart: screen renders catalog rule and sanitized safe actions
00:02 +65: E:/r12-current-inputs-client-20260908/packages/app_shell/test/client_diagnostics_test.dart: screen renders catalog rule and sanitized safe actions
00:02 +66: E:/r12-current-inputs-client-20260908/packages/app_shell/test/client_diagnostics_test.dart: screen renders catalog rule and sanitized safe actions
00:02 +67: E:/r12-current-inputs-client-20260908/packages/app_shell/test/client_diagnostics_test.dart: screen renders catalog rule and sanitized safe actions
00:02 +68: E:/r12-current-inputs-client-20260908/packages/app_shell/test/client_diagnostics_test.dart: screen renders catalog rule and sanitized safe actions
00:02 +69: E:/r12-current-inputs-client-20260908/packages/app_shell/test/client_diagnostics_test.dart: screen renders catalog rule and sanitized safe actions
00:02 +70: E:/r12-current-inputs-client-20260908/packages/app_shell/test/client_diagnostics_test.dart: screen renders catalog rule and sanitized safe actions
00:02 +71: E:/r12-current-inputs-client-20260908/packages/app_shell/test/client_diagnostics_test.dart: screen renders catalog rule and sanitized safe actions
00:02 +72: E:/r12-current-inputs-client-20260908/packages/app_shell/test/client_diagnostics_test.dart: screen renders catalog rule and sanitized safe actions
00:02 +73: E:/r12-current-inputs-client-20260908/packages/app_shell/test/client_diagnostics_test.dart: screen renders catalog rule and sanitized safe actions
00:02 +74: E:/r12-current-inputs-client-20260908/packages/app_shell/test/client_diagnostics_test.dart: screen renders catalog rule and sanitized safe actions
00:02 +75: E:/r12-current-inputs-client-20260908/packages/app_shell/test/client_diagnostics_test.dart: screen renders catalog rule and sanitized safe actions
00:02 +76: E:/r12-current-inputs-client-20260908/packages/app_shell/test/client_diagnostics_test.dart: screen renders catalog rule and sanitized safe actions
00:02 +77: E:/r12-current-inputs-client-20260908/packages/app_shell/test/client_diagnostics_test.dart: screen renders catalog rule and sanitized safe actions
00:02 +78: E:/r12-current-inputs-client-20260908/packages/app_shell/test/client_diagnostics_test.dart: screen renders catalog rule and sanitized safe actions
00:02 +79: E:/r12-current-inputs-client-20260908/packages/app_shell/test/client_diagnostics_test.dart: screen renders catalog rule and sanitized safe actions
00:03 +80: E:/r12-current-inputs-client-20260908/packages/app_shell/test/client_diagnostics_test.dart: screen renders catalog rule and sanitized safe actions
00:03 +81: E:/r12-current-inputs-client-20260908/packages/app_shell/test/client_diagnostics_test.dart: screen renders catalog rule and sanitized safe actions
00:03 +82: E:/r12-current-inputs-client-20260908/packages/app_shell/test/client_diagnostics_test.dart: screen renders catalog rule and sanitized safe actions
00:03 +83: E:/r12-current-inputs-client-20260908/packages/app_shell/test/client_diagnostics_test.dart: screen renders catalog rule and sanitized safe actions
00:03 +84: E:/r12-current-inputs-client-20260908/packages/app_shell/test/client_diagnostics_test.dart: screen renders catalog rule and sanitized safe actions
00:03 +85: E:/r12-current-inputs-client-20260908/packages/app_shell/test/client_diagnostics_test.dart: screen renders catalog rule and sanitized safe actions
00:03 +86: E:/r12-current-inputs-client-20260908/packages/app_shell/test/client_diagnostics_test.dart: screen renders catalog rule and sanitized safe actions
00:03 +87: E:/r12-current-inputs-client-20260908/packages/app_shell/test/client_diagnostics_test.dart: screen renders catalog rule and sanitized safe actions
00:03 +88: E:/r12-current-inputs-client-20260908/packages/app_shell/test/client_diagnostics_test.dart: screen renders catalog rule and sanitized safe actions
00:03 +89: E:/r12-current-inputs-client-20260908/packages/app_shell/test/client_diagnostics_test.dart: screen renders catalog rule and sanitized safe actions
00:03 +90: E:/r12-current-inputs-client-20260908/packages/app_shell/test/client_diagnostics_test.dart: screen renders catalog rule and sanitized safe actions
00:03 +91: E:/r12-current-inputs-client-20260908/packages/app_shell/test/client_diagnostics_test.dart: screen renders catalog rule and sanitized safe actions
00:03 +92: E:/r12-current-inputs-client-20260908/packages/app_shell/test/client_diagnostics_test.dart: screen renders catalog rule and sanitized safe actions
00:03 +93: E:/r12-current-inputs-client-20260908/packages/app_shell/test/client_diagnostics_test.dart: screen renders catalog rule and sanitized safe actions
00:03 +94: E:/r12-current-inputs-client-20260908/packages/app_shell/test/client_diagnostics_test.dart: screen renders catalog rule and sanitized safe actions
00:03 +95: E:/r12-current-inputs-client-20260908/packages/app_shell/test/client_diagnostics_test.dart: screen renders catalog rule and sanitized safe actions
00:03 +96: E:/r12-current-inputs-client-20260908/packages/app_shell/test/app_first_runtime_bootstrap_test.dart: uploads smart-connect RTT samples and applies stickiness threshold
00:03 +97: E:/r12-current-inputs-client-20260908/packages/app_shell/test/app_first_runtime_bootstrap_test.dart: uploads smart-connect RTT samples and applies stickiness threshold
00:03 +98: E:/r12-current-inputs-client-20260908/packages/app_shell/test/app_first_runtime_bootstrap_test.dart: uploads smart-connect RTT samples and applies stickiness threshold
00:03 +99: E:/r12-current-inputs-client-20260908/packages/app_shell/test/app_first_runtime_bootstrap_test.dart: uploads smart-connect RTT samples and applies stickiness threshold
00:03 +100: E:/r12-current-inputs-client-20260908/packages/app_shell/test/app_first_runtime_bootstrap_test.dart: uploads smart-connect RTT samples and applies stickiness threshold
00:03 +101: E:/r12-current-inputs-client-20260908/packages/app_shell/test/app_first_runtime_bootstrap_test.dart: uploads smart-connect RTT samples and applies stickiness threshold
00:03 +102: E:/r12-current-inputs-client-20260908/packages/app_shell/test/app_first_runtime_bootstrap_test.dart: uploads smart-connect RTT samples and applies stickiness threshold
00:03 +103: E:/r12-current-inputs-client-20260908/packages/app_shell/test/client_diagnostics_test.dart: screen shows same-build bands without exact cohort numbers
00:03 +104: E:/r12-current-inputs-client-20260908/packages/app_shell/test/app_first_runtime_bootstrap_test.dart: uses local selection and promotes the profile when Smart Connect advisory stalls
00:03 +105: E:/r12-current-inputs-client-20260908/packages/app_shell/test/app_first_runtime_bootstrap_test.dart: uses local selection and promotes the profile when Smart Connect advisory stalls
00:03 +106: E:/r12-current-inputs-client-20260908/packages/app_shell/test/app_first_runtime_bootstrap_test.dart: uses local selection and promotes the profile when Smart Connect advisory stalls
00:03 +107: E:/r12-current-inputs-client-20260908/packages/app_shell/test/app_first_runtime_bootstrap_test.dart: uses local selection and promotes the profile when Smart Connect advisory stalls
00:03 +108: E:/r12-current-inputs-client-20260908/packages/app_shell/test/app_first_runtime_bootstrap_test.dart: uses local selection and promotes the profile when Smart Connect advisory stalls
00:03 +109: E:/r12-current-inputs-client-20260908/packages/app_shell/test/app_first_runtime_bootstrap_test.dart: uses local selection and promotes the profile when Smart Connect advisory stalls
00:03 +110: E:/r12-current-inputs-client-20260908/packages/app_shell/test/app_first_runtime_bootstrap_test.dart: uses local selection and promotes the profile when Smart Connect advisory stalls
00:03 +111: E:/r12-current-inputs-client-20260908/packages/app_shell/test/app_first_runtime_bootstrap_test.dart: uses local selection and promotes the profile when Smart Connect advisory stalls
00:03 +112: E:/r12-current-inputs-client-20260908/packages/app_shell/test/app_first_runtime_bootstrap_test.dart: uses local selection and promotes the profile when Smart Connect advisory stalls
00:03 +113: E:/r12-current-inputs-client-20260908/packages/app_shell/test/app_first_runtime_bootstrap_test.dart: uses local selection and promotes the profile when Smart Connect advisory stalls
00:03 +114: E:/r12-current-inputs-client-20260908/packages/app_shell/test/app_first_runtime_bootstrap_test.dart: uses local selection and promotes the profile when Smart Connect advisory stalls
00:03 +115: E:/r12-current-inputs-client-20260908/packages/app_shell/test/app_first_runtime_bootstrap_test.dart: uses local selection and promotes the profile when Smart Connect advisory stalls
00:03 +116: E:/r12-current-inputs-client-20260908/packages/app_shell/test/app_first_runtime_bootstrap_test.dart: uses local selection and promotes the profile when Smart Connect advisory stalls
00:03 +117: E:/r12-current-inputs-client-20260908/packages/app_shell/test/app_first_runtime_bootstrap_test.dart: uses local selection and promotes the profile when Smart Connect advisory stalls
00:03 +118: E:/r12-current-inputs-client-20260908/packages/app_shell/test/app_first_runtime_bootstrap_test.dart: uses local selection and promotes the profile when Smart Connect advisory stalls
00:03 +119: E:/r12-current-inputs-client-20260908/packages/app_shell/test/app_first_runtime_bootstrap_test.dart: uses local selection and promotes the profile when Smart Connect advisory stalls
00:03 +120: E:/r12-current-inputs-client-20260908/packages/app_shell/test/app_first_runtime_bootstrap_test.dart: uses local selection and promotes the profile when Smart Connect advisory stalls
00:03 +121: E:/r12-current-inputs-client-20260908/packages/app_shell/test/app_first_runtime_bootstrap_test.dart: uses local selection and promotes the profile when Smart Connect advisory stalls
00:03 +122: E:/r12-current-inputs-client-20260908/packages/app_shell/test/app_first_runtime_bootstrap_test.dart: uses local selection and promotes the profile when Smart Connect advisory stalls
00:03 +123: E:/r12-current-inputs-client-20260908/packages/app_shell/test/app_first_runtime_bootstrap_test.dart: uses local selection and promotes the profile when Smart Connect advisory stalls
00:04 +124: E:/r12-current-inputs-client-20260908/packages/app_shell/test/app_first_runtime_bootstrap_test.dart: uses local selection and promotes the profile when Smart Connect advisory stalls
00:04 +125: E:/r12-current-inputs-client-20260908/packages/app_shell/test/app_first_runtime_bootstrap_test.dart: uses local selection and promotes the profile when Smart Connect advisory stalls
00:04 +126: E:/r12-current-inputs-client-20260908/packages/app_shell/test/app_first_runtime_bootstrap_test.dart: uses local selection and promotes the profile when Smart Connect advisory stalls
00:04 +127: E:/r12-current-inputs-client-20260908/packages/app_shell/test/app_first_runtime_bootstrap_test.dart: uses local selection and promotes the profile when Smart Connect advisory stalls
00:04 +128: E:/r12-current-inputs-client-20260908/packages/app_shell/test/app_first_runtime_bootstrap_test.dart: uses local selection and promotes the profile when Smart Connect advisory stalls
00:04 +129: E:/r12-current-inputs-client-20260908/packages/app_shell/test/app_first_runtime_bootstrap_test.dart: uses local selection and promotes the profile when Smart Connect advisory stalls
00:04 +130: E:/r12-current-inputs-client-20260908/packages/app_shell/test/app_first_runtime_bootstrap_test.dart: uses local selection and promotes the profile when Smart Connect advisory stalls
00:04 +131: E:/r12-current-inputs-client-20260908/packages/app_shell/test/app_first_runtime_bootstrap_test.dart: uses local selection and promotes the profile when Smart Connect advisory stalls
00:04 +132: E:/r12-current-inputs-client-20260908/packages/app_shell/test/app_first_runtime_bootstrap_test.dart: uses local selection and promotes the profile when Smart Connect advisory stalls
00:04 +133: E:/r12-current-inputs-client-20260908/packages/app_shell/test/app_first_runtime_bootstrap_test.dart: uses local selection and promotes the profile when Smart Connect advisory stalls
00:04 +134: E:/r12-current-inputs-client-20260908/packages/app_shell/test/app_first_runtime_bootstrap_test.dart: uses local selection and promotes the profile when Smart Connect advisory stalls
00:04 +135: E:/r12-current-inputs-client-20260908/packages/app_shell/test/app_first_runtime_bootstrap_test.dart: uses local selection and promotes the profile when Smart Connect advisory stalls
00:04 +136: E:/r12-current-inputs-client-20260908/packages/app_shell/test/app_first_runtime_bootstrap_test.dart: uses local selection and promotes the profile when Smart Connect advisory stalls
00:04 +137: E:/r12-current-inputs-client-20260908/packages/app_shell/test/app_first_runtime_bootstrap_test.dart: uses local selection and promotes the profile when Smart Connect advisory stalls
00:04 +138: E:/r12-current-inputs-client-20260908/packages/app_shell/test/app_first_runtime_bootstrap_test.dart: uses local selection and promotes the profile when Smart Connect advisory stalls
00:04 +139: E:/r12-current-inputs-client-20260908/packages/app_shell/test/app_first_runtime_bootstrap_test.dart: uses local selection and promotes the profile when Smart Connect advisory stalls
00:04 +140: E:/r12-current-inputs-client-20260908/packages/app_shell/test/app_first_runtime_bootstrap_test.dart: uses local selection and promotes the profile when Smart Connect advisory stalls
00:04 +141: E:/r12-current-inputs-client-20260908/packages/app_shell/test/app_first_runtime_bootstrap_test.dart: uses local selection and promotes the profile when Smart Connect advisory stalls
00:04 +142: E:/r12-current-inputs-client-20260908/packages/app_shell/test/app_first_runtime_bootstrap_test.dart: uses local selection and promotes the profile when Smart Connect advisory stalls
00:04 +143: E:/r12-current-inputs-client-20260908/packages/app_shell/test/connect_first_hint_test.dart: successful first connection dismisses the hint and reports UX state
00:04 +144: E:/r12-current-inputs-client-20260908/packages/app_shell/test/connect_first_hint_test.dart: successful first connection dismisses the hint and reports UX state
00:04 +145: E:/r12-current-inputs-client-20260908/packages/app_shell/test/connect_first_hint_test.dart: successful first connection dismisses the hint and reports UX state
00:04 +146: E:/r12-current-inputs-client-20260908/packages/app_shell/test/connect_first_hint_test.dart: successful first connection dismisses the hint and reports UX state
00:04 +147: E:/r12-current-inputs-client-20260908/packages/app_shell/test/connect_first_hint_test.dart: successful first connection dismisses the hint and reports UX state
00:04 +148: E:/r12-current-inputs-client-20260908/packages/app_shell/test/connect_first_hint_test.dart: successful first connection dismisses the hint and reports UX state
00:04 +149: E:/r12-current-inputs-client-20260908/packages/app_shell/test/connect_first_hint_test.dart: successful first connection dismisses the hint and reports UX state
00:04 +150: E:/r12-current-inputs-client-20260908/packages/app_shell/test/connect_first_hint_test.dart: successful first connection dismisses the hint and reports UX state
00:04 +151: E:/r12-current-inputs-client-20260908/packages/app_shell/test/connect_first_hint_test.dart: successful first connection dismisses the hint and reports UX state
00:04 +152: E:/r12-current-inputs-client-20260908/packages/app_shell/test/connect_first_hint_test.dart: successful first connection dismisses the hint and reports UX state
00:04 +153: E:/r12-current-inputs-client-20260908/packages/app_shell/test/connect_first_hint_test.dart: successful first connection dismisses the hint and reports UX state
00:04 +154: E:/r12-current-inputs-client-20260908/packages/app_shell/test/connect_first_hint_test.dart: successful first connection dismisses the hint and reports UX state
00:04 +155: E:/r12-current-inputs-client-20260908/packages/app_shell/test/connect_first_hint_test.dart: successful first connection dismisses the hint and reports UX state
00:04 +156: E:/r12-current-inputs-client-20260908/packages/app_shell/test/connect_first_hint_test.dart: successful first connection dismisses the hint and reports UX state
00:05 +157: E:/r12-current-inputs-client-20260908/packages/app_shell/test/connect_first_hint_test.dart: successful first connection dismisses the hint and reports UX state
00:05 +158: E:/r12-current-inputs-client-20260908/packages/app_shell/test/connect_first_hint_test.dart: successful first connection dismisses the hint and reports UX state
00:05 +159: E:/r12-current-inputs-client-20260908/packages/app_shell/test/connect_first_hint_test.dart: successful first connection dismisses the hint and reports UX state
00:05 +160: E:/r12-current-inputs-client-20260908/packages/app_shell/test/connect_first_hint_test.dart: successful first connection dismisses the hint and reports UX state
00:05 +161: E:/r12-current-inputs-client-20260908/packages/app_shell/test/connect_first_hint_test.dart: successful first connection dismisses the hint and reports UX state
00:05 +162: E:/r12-current-inputs-client-20260908/packages/app_shell/test/connect_first_hint_test.dart: successful first connection dismisses the hint and reports UX state
00:05 +163: E:/r12-current-inputs-client-20260908/packages/app_shell/test/connect_first_hint_test.dart: successful first connection dismisses the hint and reports UX state
00:05 +164: E:/r12-current-inputs-client-20260908/packages/app_shell/test/connect_first_hint_test.dart: successful first connection dismisses the hint and reports UX state
00:05 +165: E:/r12-current-inputs-client-20260908/packages/app_shell/test/connect_first_hint_test.dart: successful first connection dismisses the hint and reports UX state
00:05 +166: E:/r12-current-inputs-client-20260908/packages/app_shell/test/connect_first_hint_test.dart: successful first connection dismisses the hint and reports UX state
00:05 +167: E:/r12-current-inputs-client-20260908/packages/app_shell/test/connect_first_hint_test.dart: successful first connection dismisses the hint and reports UX state
00:05 +168: E:/r12-current-inputs-client-20260908/packages/app_shell/test/pokrov_seed_app_test.dart: inactive app mutes animation ticks including modal routes
00:05 +169: E:/r12-current-inputs-client-20260908/packages/app_shell/test/pokrov_seed_app_test.dart: inactive app mutes animation ticks including modal routes
00:05 +170: E:/r12-current-inputs-client-20260908/packages/app_shell/test/pokrov_seed_app_test.dart: inactive app mutes animation ticks including modal routes
00:05 +171: E:/r12-current-inputs-client-20260908/packages/app_shell/test/pokrov_seed_app_test.dart: inactive app mutes animation ticks including modal routes
00:05 +172: E:/r12-current-inputs-client-20260908/packages/app_shell/test/pokrov_seed_app_test.dart: inactive app mutes animation ticks including modal routes
00:05 +173: E:/r12-current-inputs-client-20260908/packages/app_shell/test/pokrov_seed_app_test.dart: inactive app mutes animation ticks including modal routes
00:05 +174: E:/r12-current-inputs-client-20260908/packages/app_shell/test/pokrov_seed_app_test.dart: inactive app mutes animation ticks including modal routes
00:05 +175: E:/r12-current-inputs-client-20260908/packages/app_shell/test/pokrov_seed_app_test.dart: inactive app mutes animation ticks including modal routes
00:05 +176: E:/r12-current-inputs-client-20260908/packages/app_shell/test/pokrov_seed_app_test.dart: inactive app mutes animation ticks including modal routes
00:05 +177: E:/r12-current-inputs-client-20260908/packages/app_shell/test/pokrov_seed_app_test.dart: inactive app mutes animation ticks including modal routes
00:05 +178: E:/r12-current-inputs-client-20260908/packages/app_shell/test/pokrov_seed_app_test.dart: inactive app mutes animation ticks including modal routes
00:05 +179: E:/r12-current-inputs-client-20260908/packages/app_shell/test/pokrov_seed_app_test.dart: inactive app mutes animation ticks including modal routes
00:05 +180: E:/r12-current-inputs-client-20260908/packages/app_shell/test/pokrov_seed_app_test.dart: inactive app mutes animation ticks including modal routes
00:05 +181: E:/r12-current-inputs-client-20260908/packages/app_shell/test/pokrov_seed_app_test.dart: inactive app mutes animation ticks including modal routes
00:05 +182: E:/r12-current-inputs-client-20260908/packages/app_shell/test/pokrov_seed_app_test.dart: inactive app mutes animation ticks including modal routes
00:05 +183: E:/r12-current-inputs-client-20260908/packages/app_shell/test/pokrov_seed_app_test.dart: inactive app mutes animation ticks including modal routes
00:05 +184: E:/r12-current-inputs-client-20260908/packages/app_shell/test/pokrov_seed_app_test.dart: inactive app mutes animation ticks including modal routes
00:05 +185: E:/r12-current-inputs-client-20260908/packages/app_shell/test/pokrov_seed_app_test.dart: inactive app mutes animation ticks including modal routes
00:05 +186: E:/r12-current-inputs-client-20260908/packages/app_shell/test/pokrov_seed_app_test.dart: inactive app mutes animation ticks including modal routes
00:05 +187: E:/r12-current-inputs-client-20260908/packages/app_shell/test/pokrov_seed_app_test.dart: inactive app mutes animation ticks including modal routes
00:05 +188: E:/r12-current-inputs-client-20260908/packages/app_shell/test/pokrov_seed_app_test.dart: inactive app mutes animation ticks including modal routes
00:05 +189: E:/r12-current-inputs-client-20260908/packages/app_shell/test/pokrov_seed_app_test.dart: inactive app mutes animation ticks including modal routes
00:05 +190: E:/r12-current-inputs-client-20260908/packages/app_shell/test/pokrov_seed_app_test.dart: inactive app mutes animation ticks including modal routes
00:05 +191: E:/r12-current-inputs-client-20260908/packages/app_shell/test/pokrov_seed_app_test.dart: inactive app mutes animation ticks including modal routes
00:05 +192: E:/r12-current-inputs-client-20260908/packages/app_shell/test/pokrov_seed_app_test.dart: inactive app mutes animation ticks including modal routes
00:05 +193: E:/r12-current-inputs-client-20260908/packages/app_shell/test/pokrov_seed_app_test.dart: inactive app mutes animation ticks including modal routes
00:05 +194: E:/r12-current-inputs-client-20260908/packages/app_shell/test/pokrov_seed_app_test.dart: inactive app mutes animation ticks including modal routes
00:05 +195: E:/r12-current-inputs-client-20260908/packages/app_shell/test/pokrov_seed_app_test.dart: inactive app mutes animation ticks including modal routes
00:06 +196: E:/r12-current-inputs-client-20260908/packages/app_shell/test/pokrov_seed_app_test.dart: inactive app mutes animation ticks including modal routes
00:06 +197: E:/r12-current-inputs-client-20260908/packages/app_shell/test/pokrov_seed_app_test.dart: inactive app mutes animation ticks including modal routes
00:06 +198: E:/r12-current-inputs-client-20260908/packages/app_shell/test/pokrov_seed_app_test.dart: inactive app mutes animation ticks including modal routes
00:06 +199: E:/r12-current-inputs-client-20260908/packages/app_shell/test/pokrov_seed_app_test.dart: inactive app mutes animation ticks including modal routes
00:06 +200: E:/r12-current-inputs-client-20260908/packages/app_shell/test/pokrov_seed_app_test.dart: inactive app mutes animation ticks including modal routes
00:06 +201: E:/r12-current-inputs-client-20260908/packages/app_shell/test/pokrov_seed_app_test.dart: inactive app mutes animation ticks including modal routes
00:06 +202: E:/r12-current-inputs-client-20260908/packages/app_shell/test/pokrov_seed_app_test.dart: inactive app mutes animation ticks including modal routes
00:06 +203: E:/r12-current-inputs-client-20260908/packages/app_shell/test/pokrov_seed_app_test.dart: inactive app mutes animation ticks including modal routes
00:06 +204: E:/r12-current-inputs-client-20260908/packages/app_shell/test/pokrov_seed_app_test.dart: inactive app mutes animation ticks including modal routes
00:06 +205: E:/r12-current-inputs-client-20260908/packages/app_shell/test/pokrov_seed_app_test.dart: inactive app mutes animation ticks including modal routes
00:06 +206: E:/r12-current-inputs-client-20260908/packages/app_shell/test/pokrov_seed_app_test.dart: inactive app mutes animation ticks including modal routes
00:06 +207: E:/r12-current-inputs-client-20260908/packages/app_shell/test/pokrov_seed_app_test.dart: inactive app mutes animation ticks including modal routes
00:06 +208: E:/r12-current-inputs-client-20260908/packages/app_shell/test/pokrov_seed_app_test.dart: inactive app mutes animation ticks including modal routes
00:06 +209: E:/r12-current-inputs-client-20260908/packages/app_shell/test/pokrov_seed_app_test.dart: inactive app mutes animation ticks including modal routes
00:06 +210: E:/r12-current-inputs-client-20260908/packages/app_shell/test/pokrov_seed_app_test.dart: inactive app mutes animation ticks including modal routes
00:06 +211: E:/r12-current-inputs-client-20260908/packages/app_shell/test/pokrov_seed_app_test.dart: inactive app mutes animation ticks including modal routes
00:06 +212: E:/r12-current-inputs-client-20260908/packages/app_shell/test/connect_first_hint_test.dart: Android permission callback refreshes a later running host snapshot without another tap
00:06 +213: E:/r12-current-inputs-client-20260908/packages/app_shell/test/connect_first_hint_test.dart: Android permission callback refreshes a later running host snapshot without another tap
00:06 +214: E:/r12-current-inputs-client-20260908/packages/app_shell/test/connect_first_hint_test.dart: Android permission callback refreshes a later running host snapshot without another tap
00:06 +215: E:/r12-current-inputs-client-20260908/packages/app_shell/test/connect_first_hint_test.dart: Android permission callback refreshes a later running host snapshot without another tap
00:06 +216: E:/r12-current-inputs-client-20260908/packages/app_shell/test/connect_first_hint_test.dart: Android permission callback refreshes a later running host snapshot without another tap
00:06 +217: E:/r12-current-inputs-client-20260908/packages/app_shell/test/connect_first_hint_test.dart: Android permission callback refreshes a later running host snapshot without another tap
00:06 +218: E:/r12-current-inputs-client-20260908/packages/app_shell/test/connect_first_hint_test.dart: Android permission callback refreshes a later running host snapshot without another tap
00:06 +219: E:/r12-current-inputs-client-20260908/packages/app_shell/test/connect_first_hint_test.dart: Android permission callback refreshes a later running host snapshot without another tap
00:06 +220: E:/r12-current-inputs-client-20260908/packages/app_shell/test/connect_first_hint_test.dart: Android permission callback refreshes a later running host snapshot without another tap
00:06 +221: E:/r12-current-inputs-client-20260908/packages/app_shell/test/connect_first_hint_test.dart: Android permission callback refreshes a later running host snapshot without another tap
00:06 +222: E:/r12-current-inputs-client-20260908/packages/app_shell/test/connect_first_hint_test.dart: Android permission callback refreshes a later running host snapshot without another tap
00:06 +223: E:/r12-current-inputs-client-20260908/packages/app_shell/test/connect_first_hint_test.dart: Android permission callback refreshes a later running host snapshot without another tap
00:06 +224: E:/r12-current-inputs-client-20260908/packages/app_shell/test/connect_first_hint_test.dart: Android permission callback refreshes a later running host snapshot without another tap
00:06 +225: E:/r12-current-inputs-client-20260908/packages/app_shell/test/connect_first_hint_test.dart: Android permission callback refreshes a later running host snapshot without another tap
00:06 +226: E:/r12-current-inputs-client-20260908/packages/app_shell/test/pokrov_seed_app_test.dart: acquisition confirmation never hides trial or restore choices
00:06 +227: E:/r12-current-inputs-client-20260908/packages/app_shell/test/pokrov_seed_app_test.dart: acquisition confirmation never hides trial or restore choices
00:06 +228: E:/r12-current-inputs-client-20260908/packages/app_shell/test/support_mode_controller_test.dart: persistent support-mode indicator exposes open and disable
00:06 +229: E:/r12-current-inputs-client-20260908/packages/app_shell/test/support_mode_controller_test.dart: persistent support-mode indicator exposes open and disable
00:06 +230: E:/r12-current-inputs-client-20260908/packages/app_shell/test/support_mode_controller_test.dart: persistent support-mode indicator exposes open and disable
00:06 +231: E:/r12-current-inputs-client-20260908/packages/app_shell/test/support_mode_controller_test.dart: persistent support-mode indicator exposes open and disable
00:06 +232: E:/r12-current-inputs-client-20260908/packages/app_shell/test/support_mode_controller_test.dart: persistent support-mode indicator exposes open and disable
00:06 +233: E:/r12-current-inputs-client-20260908/packages/app_shell/test/support_mode_controller_test.dart: persistent support-mode indicator exposes open and disable
00:06 +234: E:/r12-current-inputs-client-20260908/packages/app_shell/test/support_mode_controller_test.dart: persistent support-mode indicator exposes open and disable
00:06 +235: E:/r12-current-inputs-client-20260908/packages/app_shell/test/support_mode_controller_test.dart: persistent support-mode indicator exposes open and disable
00:06 +236: E:/r12-current-inputs-client-20260908/packages/app_shell/test/support_mode_controller_test.dart: persistent support-mode indicator exposes open and disable
00:06 +237: E:/r12-current-inputs-client-20260908/packages/app_shell/test/support_mode_controller_test.dart: persistent support-mode indicator exposes open and disable
00:06 +238: E:/r12-current-inputs-client-20260908/packages/app_shell/test/support_mode_controller_test.dart: persistent support-mode indicator exposes open and disable
00:06 +239: E:/r12-current-inputs-client-20260908/packages/app_shell/test/support_mode_controller_test.dart: persistent support-mode indicator exposes open and disable
00:06 +240: E:/r12-current-inputs-client-20260908/packages/app_shell/test/support_mode_controller_test.dart: persistent support-mode indicator exposes open and disable
00:06 +241: E:/r12-current-inputs-client-20260908/packages/app_shell/test/support_mode_controller_test.dart: persistent support-mode indicator exposes open and disable
00:07 +242: E:/r12-current-inputs-client-20260908/packages/app_shell/test/support_mode_controller_test.dart: persistent support-mode indicator exposes open and disable
00:07 +243: E:/r12-current-inputs-client-20260908/packages/app_shell/test/support_mode_controller_test.dart: persistent support-mode indicator exposes open and disable
00:07 +244: E:/r12-current-inputs-client-20260908/packages/app_shell/test/support_mode_controller_test.dart: persistent support-mode indicator exposes open and disable
00:07 +245: E:/r12-current-inputs-client-20260908/packages/app_shell/test/support_mode_controller_test.dart: persistent support-mode indicator exposes open and disable
00:07 +246: E:/r12-current-inputs-client-20260908/packages/app_shell/test/support_mode_controller_test.dart: persistent support-mode indicator exposes open and disable
00:07 +247: E:/r12-current-inputs-client-20260908/packages/app_shell/test/support_mode_controller_test.dart: persistent support-mode indicator exposes open and disable
00:07 +248: E:/r12-current-inputs-client-20260908/packages/app_shell/test/support_mode_controller_test.dart: persistent support-mode indicator exposes open and disable
00:07 +249: E:/r12-current-inputs-client-20260908/packages/app_shell/test/support_mode_controller_test.dart: persistent support-mode indicator exposes open and disable
00:07 +250: E:/r12-current-inputs-client-20260908/packages/app_shell/test/connect_first_hint_test.dart: Android VPN permission denial remains disconnected
00:07 +251: E:/r12-current-inputs-client-20260908/packages/app_shell/test/connect_first_hint_test.dart: Android VPN permission denial remains disconnected
00:07 +252: E:/r12-current-inputs-client-20260908/packages/app_shell/test/connect_first_hint_test.dart: Android VPN permission denial remains disconnected
00:07 +253: E:/r12-current-inputs-client-20260908/packages/app_shell/test/connect_first_hint_test.dart: Android VPN permission denial remains disconnected
00:07 +254: E:/r12-current-inputs-client-20260908/packages/app_shell/test/connect_first_hint_test.dart: Android VPN permission denial remains disconnected
00:07 +255: E:/r12-current-inputs-client-20260908/packages/app_shell/test/connect_first_hint_test.dart: Android VPN permission denial remains disconnected
00:07 +256: E:/r12-current-inputs-client-20260908/packages/app_shell/test/connect_first_hint_test.dart: Android VPN permission denial remains disconnected
00:07 +257: E:/r12-current-inputs-client-20260908/packages/app_shell/test/pokrov_seed_app_test.dart: Quick Settings invalidation coalesces a held burst before connect
00:07 +258: E:/r12-current-inputs-client-20260908/packages/app_shell/test/pokrov_seed_app_test.dart: Quick Settings invalidation coalesces a held burst before connect
00:07 +259: E:/r12-current-inputs-client-20260908/packages/app_shell/test/pokrov_seed_app_test.dart: Quick Settings invalidation coalesces a held burst before connect
00:07 +260: E:/r12-current-inputs-client-20260908/packages/app_shell/test/pokrov_seed_app_test.dart: Quick Settings invalidation coalesces a held burst before connect
00:07 +261: E:/r12-current-inputs-client-20260908/packages/app_shell/test/pokrov_seed_app_test.dart: Quick Settings invalidation coalesces a held burst before connect
00:07 +262: E:/r12-current-inputs-client-20260908/packages/app_shell/test/pokrov_seed_app_test.dart: Quick Settings invalidation coalesces a held burst before connect
00:07 +263: E:/r12-current-inputs-client-20260908/packages/app_shell/test/pokrov_seed_app_test.dart: Quick Settings invalidation coalesces a held burst before connect
00:07 +264: E:/r12-current-inputs-client-20260908/packages/app_shell/test/pokrov_seed_app_test.dart: Quick Settings invalidation coalesces a held burst before connect
00:07 +265: E:/r12-current-inputs-client-20260908/packages/app_shell/test/pokrov_seed_app_test.dart: Quick Settings invalidation coalesces a held burst before connect
00:07 +266: E:/r12-current-inputs-client-20260908/packages/app_shell/test/pokrov_seed_app_test.dart: Quick Settings invalidation coalesces a held burst before connect
00:07 +267: E:/r12-current-inputs-client-20260908/packages/app_shell/test/pokrov_seed_app_test.dart: Quick Settings invalidation coalesces a held burst before connect
00:07 +268: E:/r12-current-inputs-client-20260908/packages/app_shell/test/pokrov_seed_app_test.dart: Quick Settings invalidation coalesces a held burst before connect
00:07 +269: E:/r12-current-inputs-client-20260908/packages/app_shell/test/pokrov_seed_app_test.dart: Quick Settings invalidation coalesces a held burst before connect
00:07 +270: E:/r12-current-inputs-client-20260908/packages/app_shell/test/pokrov_seed_app_test.dart: Quick Settings invalidation coalesces a held burst before connect
00:07 +271: E:/r12-current-inputs-client-20260908/packages/app_shell/test/pokrov_seed_app_test.dart: Quick Settings invalidation coalesces a held burst before connect
00:07 +272: E:/r12-current-inputs-client-20260908/packages/app_shell/test/pokrov_seed_app_test.dart: Quick Settings invalidation coalesces a held burst before connect
00:07 +273: E:/r12-current-inputs-client-20260908/packages/app_shell/test/pokrov_seed_app_test.dart: Quick Settings invalidation coalesces a held burst before connect
00:07 +274: E:/r12-current-inputs-client-20260908/packages/app_shell/test/pokrov_seed_app_test.dart: Quick Settings invalidation coalesces a held burst before connect
00:08 +275: E:/r12-current-inputs-client-20260908/packages/app_shell/test/pokrov_seed_app_test.dart: Quick Settings invalidation coalesces a held burst before connect
00:08 +276: E:/r12-current-inputs-client-20260908/packages/app_shell/test/pokrov_seed_app_test.dart: Quick Settings invalidation coalesces a held burst before connect
00:08 +277: E:/r12-current-inputs-client-20260908/packages/app_shell/test/pokrov_seed_app_test.dart: Quick Settings invalidation coalesces a held burst before connect
00:08 +278: E:/r12-current-inputs-client-20260908/packages/app_shell/test/pokrov_seed_app_test.dart: Quick Settings invalidation coalesces a held burst before connect
00:08 +279: E:/r12-current-inputs-client-20260908/packages/app_shell/test/pokrov_seed_app_test.dart: Quick Settings invalidation coalesces a held burst before connect
00:08 +280: E:/r12-current-inputs-client-20260908/packages/app_shell/test/pokrov_seed_app_test.dart: Quick Settings invalidation coalesces a held burst before connect
00:08 +281: E:/r12-current-inputs-client-20260908/packages/app_shell/test/connect_first_hint_test.dart: reduced motion keeps the clean button without a pulse ring
00:08 +282: E:/r12-current-inputs-client-20260908/packages/app_shell/test/app_first_runtime_bootstrap_test.dart: rejects an oversized JSON response before buffering it
00:08 +283: E:/r12-current-inputs-client-20260908/packages/app_shell/test/app_first_runtime_bootstrap_test.dart: rejects an oversized JSON response before buffering it
00:09 +284: E:/r12-current-inputs-client-20260908/packages/app_shell/test/app_first_runtime_bootstrap_test.dart: rejects an oversized JSON response before buffering it
00:10 +285: E:/r12-current-inputs-client-20260908/packages/app_shell/test/app_first_runtime_bootstrap_test.dart: rejects an oversized JSON response before buffering it
00:10 +286: E:/r12-current-inputs-client-20260908/packages/app_shell/test/app_first_runtime_bootstrap_test.dart: rejects an oversized JSON response before buffering it
00:10 +287: E:/r12-current-inputs-client-20260908/packages/app_shell/test/app_first_runtime_bootstrap_test.dart: rejects an oversized JSON response before buffering it
00:10 +288: E:/r12-current-inputs-client-20260908/packages/app_shell/test/app_first_runtime_bootstrap_test.dart: rejects an oversized JSON response before buffering it
00:10 +289: E:/r12-current-inputs-client-20260908/packages/app_shell/test/app_first_runtime_bootstrap_test.dart: rejects an oversized JSON response before buffering it
00:10 +290: E:/r12-current-inputs-client-20260908/packages/app_shell/test/app_first_runtime_bootstrap_test.dart: rejects an oversized JSON response before buffering it
00:10 +291: E:/r12-current-inputs-client-20260908/packages/app_shell/test/pokrov_seed_app_test.dart: first launch choice uses new and returning access copy
00:10 +292: E:/r12-current-inputs-client-20260908/packages/app_shell/test/pokrov_seed_app_test.dart: first launch choice uses new and returning access copy
00:10 +293: E:/r12-current-inputs-client-20260908/packages/app_shell/test/app_first_runtime_bootstrap_test.dart: accepts only canonical relative managed manifest paths
00:10 +294: E:/r12-current-inputs-client-20260908/packages/app_shell/test/pokrov_seed_app_test.dart: first-session actions remain reachable at 200 percent text
00:10 +295: E:/r12-current-inputs-client-20260908/packages/app_shell/test/pokrov_seed_app_test.dart: first-session actions remain reachable at 200 percent text
00:10 +296: E:/r12-current-inputs-client-20260908/packages/app_shell/test/pokrov_seed_app_test.dart: first-session actions remain reachable at 200 percent text
00:10 +297: E:/r12-current-inputs-client-20260908/packages/app_shell/test/pokrov_seed_app_test.dart: first-session actions remain reachable at 200 percent text
00:10 +298: E:/r12-current-inputs-client-20260908/packages/app_shell/test/pokrov_seed_app_test.dart: restore step focuses the code field and back returns to choice
00:10 +299: E:/r12-current-inputs-client-20260908/packages/app_shell/test/pokrov_seed_app_test.dart: seed shell lazily builds tabs and keeps opened tabs alive
00:11 +300: E:/r12-current-inputs-client-20260908/packages/app_shell/test/pokrov_seed_app_test.dart: new user first launch completion is persisted
00:11 +301: E:/r12-current-inputs-client-20260908/packages/app_shell/test/pokrov_seed_app_test.dart: returning first launch restores through unified redeem
00:11 +302: E:/r12-current-inputs-client-20260908/packages/app_shell/test/pokrov_seed_app_test.dart: returning first launch opens main bot pairing code
00:11 +303: E:/r12-current-inputs-client-20260908/packages/app_shell/test/pokrov_seed_app_test.dart: returning first launch claims a one-time device code
00:11 +304: E:/r12-current-inputs-client-20260908/packages/app_shell/test/pokrov_seed_app_test.dart: returning first launch rejects raw subscription links locally
00:11 +305: E:/r12-current-inputs-client-20260908/packages/app_shell/test/pokrov_seed_app_test.dart: renders premium shell v2 with compact first screen
00:12 +306: E:/r12-current-inputs-client-20260908/packages/app_shell/test/pokrov_seed_app_test.dart: home renders admin promotion only when backend exposes one
00:12 +307: E:/r12-current-inputs-client-20260908/packages/app_shell/test/pokrov_seed_app_test.dart: home renders exact ready winback commercial terms
00:12 +308: E:/r12-current-inputs-client-20260908/packages/app_shell/test/pokrov_seed_app_test.dart: home admin promotion ignores unsafe CTA schemes
00:12 +309: E:/r12-current-inputs-client-20260908/packages/app_shell/test/pokrov_seed_app_test.dart: home promo stays usable at 320px with countdown and mandatory policy
00:12 +310: E:/r12-current-inputs-client-20260908/packages/app_shell/test/pokrov_seed_app_test.dart: startup update downloads through verified Android installer
00:12 +311: E:/r12-current-inputs-client-20260908/packages/app_shell/test/pokrov_seed_app_test.dart: startup update check ignores untrusted download metadata
00:12 +312: E:/r12-current-inputs-client-20260908/packages/app_shell/test/pokrov_seed_app_test.dart: home status opens independent protection checks
00:12 +313: E:/r12-current-inputs-client-20260908/packages/app_shell/test/pokrov_seed_app_test.dart: protection center maps Android runtime failures to safe copy
00:13 +314: E:/r12-current-inputs-client-20260908/packages/app_shell/test/pokrov_seed_app_test.dart: protection repair runs one bounded disconnect stage connect loop
00:13 +315: E:/r12-current-inputs-client-20260908/packages/app_shell/test/pokrov_seed_app_test.dart: repair warns before disconnect and exposes three-step progress
00:13 +316: E:/r12-current-inputs-client-20260908/packages/app_shell/test/pokrov_seed_app_test.dart: repair profile failure keeps the sheet on the fresh stopped snapshot
00:13 +317: E:/r12-current-inputs-client-20260908/packages/app_shell/test/pokrov_seed_app_test.dart: profile uses grouped MVP account sections
00:14 +318: E:/r12-current-inputs-client-20260908/packages/app_shell/test/pokrov_seed_app_test.dart: live paid subscription replaces trial copy across home and profile
00:14 +319: E:/r12-current-inputs-client-20260908/packages/app_shell/test/pokrov_seed_app_test.dart: expired subscription replaces seed trial copy across home and profile
00:14 +320: E:/r12-current-inputs-client-20260908/packages/app_shell/test/pokrov_seed_app_test.dart: Android notification sheet keeps details inside the app
00:14 +321: E:/r12-current-inputs-client-20260908/packages/app_shell/test/pokrov_seed_app_test.dart: profile explains managed free-profile states without premium copy
00:15 +322: E:/r12-current-inputs-client-20260908/packages/app_shell/test/pokrov_seed_app_test.dart: profile theme selector switches light and dark mode
00:15 +323: E:/r12-current-inputs-client-20260908/packages/app_shell/test/pokrov_seed_app_test.dart: profile legal rows open generated platform URLs
00:15 +324: E:/r12-current-inputs-client-20260908/packages/app_shell/test/pokrov_seed_app_test.dart: profile first layer stays compact and hides advanced controls
00:15 +325: E:/r12-current-inputs-client-20260908/packages/app_shell/test/pokrov_seed_app_test.dart: profile redeem uses native app-first endpoint
00:16 +326: E:/r12-current-inputs-client-20260908/packages/app_shell/test/pokrov_seed_app_test.dart: profile gift redeem keeps access-updated confirmation
00:16 +327: E:/r12-current-inputs-client-20260908/packages/app_shell/test/pokrov_seed_app_test.dart: profile redeem keeps the sheet open on empty code
00:16 +328: E:/r12-current-inputs-client-20260908/packages/app_shell/test/pokrov_seed_app_test.dart: profile cabinet opens through short-lived handoff
00:16 +329: E:/r12-current-inputs-client-20260908/packages/app_shell/test/pokrov_seed_app_test.dart: cabinet return refreshes subscription on android
00:16 +330: E:/r12-current-inputs-client-20260908/packages/app_shell/test/pokrov_seed_app_test.dart: cabinet return refreshes subscription on windows
00:16 +331: E:/r12-current-inputs-client-20260908/packages/app_shell/test/pokrov_seed_app_test.dart: foreground account refresh coalesces and recovers after offline
00:17 +332: E:/r12-current-inputs-client-20260908/packages/app_shell/test/pokrov_seed_app_test.dart: profile shows native Telegram identity without another link action
00:17 +333: E:/r12-current-inputs-client-20260908/packages/app_shell/test/pokrov_seed_app_test.dart: profile Telegram bonus works before payment
00:17 +334: E:/r12-current-inputs-client-20260908/packages/app_shell/test/pokrov_seed_app_test.dart: profile verifies Telegram after returning from the bot
00:17 +335: E:/r12-current-inputs-client-20260908/packages/app_shell/test/pokrov_seed_app_test.dart: profile loads compact bonus summary with reward preview
00:17 +336: E:/r12-current-inputs-client-20260908/packages/app_shell/test/pokrov_seed_app_test.dart: zero remaining days never resets to the advertised trial duration
00:17 +337: E:/r12-current-inputs-client-20260908/packages/app_shell/test/pokrov_seed_app_test.dart: subscription refresh timeout does not claim missing entitlement
00:18 +338: E:/r12-current-inputs-client-20260908/packages/app_shell/test/pokrov_seed_app_test.dart: startup orders subscription before bonus summary
00:18 +339: E:/r12-current-inputs-client-20260908/packages/app_shell/test/pokrov_seed_app_test.dart: bonus preview keeps wheel and activity calendar non-mutating
00:18 +340: E:/r12-current-inputs-client-20260908/packages/app_shell/test/pokrov_seed_app_test.dart: profile opens rewards hub with wheel and calendar preview
00:18 +341: E:/r12-current-inputs-client-20260908/packages/app_shell/test/pokrov_seed_app_test.dart: rewards hub can run live wheel and calendar actions
00:18 +342: E:/r12-current-inputs-client-20260908/packages/app_shell/test/pokrov_seed_app_test.dart: profile rewards hub shows first-party promo slots
00:19 +343: E:/r12-current-inputs-client-20260908/packages/app_shell/test/pokrov_seed_app_test.dart: profile rewards hub opens referral share link
00:19 +344: E:/r12-current-inputs-client-20260908/packages/app_shell/test/pokrov_seed_app_test.dart: rewards referral copy confirms in-sheet with icon morph
00:19 +345: E:/r12-current-inputs-client-20260908/packages/app_shell/test/pokrov_seed_app_test.dart: rewards referral hides dead actions without a server link
00:19 +346: E:/r12-current-inputs-client-20260908/packages/app_shell/test/pokrov_seed_app_test.dart: profile opens subscription and email recovery sheets
00:19 +347: E:/r12-current-inputs-client-20260908/packages/app_shell/test/pokrov_seed_app_test.dart: profile surfaces devices, notifications and subscription detail
00:20 +348: E:/r12-current-inputs-client-20260908/packages/app_shell/test/pokrov_seed_app_test.dart: profile keeps account and settings actions grouped
00:20 +349: E:/r12-current-inputs-client-20260908/packages/app_shell/test/pokrov_seed_app_test.dart: disabled rewards stay hidden instead of dead muted cards
00:20 +350: E:/r12-current-inputs-client-20260908/packages/app_shell/test/pokrov_seed_app_test.dart: P4 responsive width matrix keeps the app shell stable
00:20 +351: E:/r12-current-inputs-client-20260908/packages/app_shell/test/pokrov_seed_app_test.dart: expanded desktop sidebar animates label width and opacity
00:20 +352: E:/r12-current-inputs-client-20260908/packages/app_shell/test/pokrov_seed_app_test.dart: windows shell hides unavailable enhanced protection
00:20 +353: E:/r12-current-inputs-client-20260908/packages/app_shell/test/pokrov_seed_app_test.dart: windows profile controls autostart and close behavior
00:21 +354: E:/r12-current-inputs-client-20260908/packages/app_shell/test/pokrov_seed_app_test.dart: enhanced protection asks for explicit consent before activation
00:21 +355: E:/r12-current-inputs-client-20260908/packages/app_shell/test/pokrov_seed_app_test.dart: home WARP switch changes consent without opening details
00:21 +356: E:/r12-current-inputs-client-20260908/packages/app_shell/test/pokrov_seed_app_test.dart: home WARP tile is tappable as a whole and toggles the switch
00:21 +357: E:/r12-current-inputs-client-20260908/packages/app_shell/test/pokrov_seed_app_test.dart: failed WARP connect falls back to ordinary VPN and stays visibly enabled
00:21 +358: E:/r12-current-inputs-client-20260908/packages/app_shell/test/pokrov_seed_app_test.dart: explicit WARP retry overrides one stale fallback status
00:21 +359: E:/r12-current-inputs-client-20260908/packages/app_shell/test/pokrov_seed_app_test.dart: home WARP uses client-local defaults without server material
00:21 +360: E:/r12-current-inputs-client-20260908/packages/app_shell/test/pokrov_seed_app_test.dart: revoking WARP consent clears the local enabled state
00:22 +361: E:/r12-current-inputs-client-20260908/packages/app_shell/test/pokrov_seed_app_test.dart: narrow windows shell uses a hamburger drawer instead of fixed sidebar
00:22 +362: E:/r12-current-inputs-client-20260908/packages/app_shell/test/pokrov_seed_app_test.dart: home uses one compact animated connect control
00:22 +363: E:/r12-current-inputs-client-20260908/packages/app_shell/test/pokrov_seed_app_test.dart: preparation screens use geometry-matched motion skeletons
00:22 +364: E:/r12-current-inputs-client-20260908/packages/app_shell/test/pokrov_seed_app_test.dart: P5 rewards loading uses geometry-matched skeleton
00:22 +365: E:/r12-current-inputs-client-20260908/packages/app_shell/test/pokrov_seed_app_test.dart: P5 support loading uses geometry skeleton instead of spinner
00:22 +366: E:/r12-current-inputs-client-20260908/packages/app_shell/test/pokrov_seed_app_test.dart: P5 Windows shortcuts navigate tabs and focus support composer
00:23 +367: E:/r12-current-inputs-client-20260908/packages/app_shell/test/pokrov_seed_app_test.dart: profile handoffs open safe external destinations
00:23 +368: E:/r12-current-inputs-client-20260908/packages/app_shell/test/pokrov_seed_app_test.dart: home trial access strip opens the profile
00:24 +369: E:/r12-current-inputs-client-20260908/packages/app_shell/test/pokrov_seed_app_test.dart: support chat reuses a loaded ticket thread for follow-up replies
00:24 +370: E:/r12-current-inputs-client-20260908/packages/app_shell/test/pokrov_seed_app_test.dart: support diagnostics actions stay reachable in constrained landscape
00:24 +371: E:/r12-current-inputs-client-20260908/packages/app_shell/test/pokrov_seed_app_test.dart: configured support key exposes encrypted offline delivery
00:24 +372: E:/r12-current-inputs-client-20260908/packages/app_shell/test/pokrov_seed_app_test.dart: support chat keeps optional actions out of the conversation
00:25 +373: E:/r12-current-inputs-client-20260908/packages/app_shell/test/pokrov_seed_app_test.dart: support history failure exposes one compact retry
00:25 +374: E:/r12-current-inputs-client-20260908/packages/app_shell/test/pokrov_seed_app_test.dart: support send retry preserves the draft without duplicate bubbles
00:25 +375: E:/r12-current-inputs-client-20260908/packages/app_shell/test/pokrov_seed_app_test.dart: support AI entry preserves its purpose at 200 percent text
00:26 +376: E:/r12-current-inputs-client-20260908/packages/app_shell/test/pokrov_seed_app_test.dart: support AI assistant opens an honest mini chat and answers from the knowledge base
00:26 +377: E:/r12-current-inputs-client-20260908/packages/app_shell/test/pokrov_seed_app_test.dart: support AI diagnostics action reuses the explicit attachment preview
00:26 +378: E:/r12-current-inputs-client-20260908/packages/app_shell/test/pokrov_seed_app_test.dart: support AI retry keeps one question bubble and returns concrete guidance
00:26 +379: E:/r12-current-inputs-client-20260908/packages/app_shell/test/pokrov_seed_app_test.dart: support AI composer stays above the Android keyboard
00:27 +380: E:/r12-current-inputs-client-20260908/packages/app_shell/test/pokrov_seed_app_test.dart: support AI assistant resets a failed continuation and keeps sessions sheet-local
00:27 +381: E:/r12-current-inputs-client-20260908/packages/app_shell/test/pokrov_seed_app_test.dart: support AI assistant admits a missing answer instead of improvising
00:27 +382: E:/r12-current-inputs-client-20260908/packages/app_shell/test/pokrov_seed_app_test.dart: support chat polls active ticket and shows operator reply
00:28 +383: E:/r12-current-inputs-client-20260908/packages/app_shell/test/pokrov_seed_app_test.dart: support polling stops while the app is in background
00:28 +384: E:/r12-current-inputs-client-20260908/packages/app_shell/test/pokrov_seed_app_test.dart: support chat shows offline lifecycle hint after poll failure
00:28 +385: E:/r12-current-inputs-client-20260908/packages/app_shell/test/pokrov_seed_app_test.dart: rules show selected-apps editor and hide beta prose
00:28 +386: E:/r12-current-inputs-client-20260908/packages/app_shell/test/pokrov_seed_app_test.dart: windows rules use region and process copy instead of mobile presets
00:28 +387: E:/r12-current-inputs-client-20260908/packages/app_shell/test/pokrov_seed_app_test.dart: advanced routing controls persist real rules, DNS and LAN
00:29 +388: E:/r12-current-inputs-client-20260908/packages/app_shell/test/pokrov_seed_app_test.dart: external Smart DNS lab requires custom direct DoH and an eligible purpose
00:29 +389: E:/r12-current-inputs-client-20260908/packages/app_shell/test/pokrov_seed_app_test.dart: expert rules use one apply operation and one reconnect
00:29 +390: E:/r12-current-inputs-client-20260908/packages/app_shell/test/pokrov_seed_app_test.dart: Windows advanced settings retain service VPN and TUN stack
00:29 +391: E:/r12-current-inputs-client-20260908/packages/app_shell/test/pokrov_seed_app_test.dart: trusted Wi-Fi detects, stores and enables a real network rule
00:30 +392: E:/r12-current-inputs-client-20260908/packages/app_shell/test/pokrov_seed_app_test.dart: trusted Wi-Fi accepts a manual network without framework errors
00:30 +393: E:/r12-current-inputs-client-20260908/packages/app_shell/test/pokrov_seed_app_test.dart: trusted Wi-Fi blocks connect before runtime staging
00:30 +394: E:/r12-current-inputs-client-20260908/packages/app_shell/test/pokrov_seed_app_test.dart: Android rules open the host VPN settings action
00:30 +395: E:/r12-current-inputs-client-20260908/packages/app_shell/test/pokrov_seed_app_test.dart: desktop shell controller attaches and detaches with the app
00:30 +396: E:/r12-current-inputs-client-20260908/packages/app_shell/test/pokrov_seed_app_test.dart: desktop shell waits for saved route scope before elevated continuation
00:30 +397: E:/r12-current-inputs-client-20260908/packages/app_shell/test/pokrov_seed_app_test.dart: rules lets user add a custom selected app identifier
00:30 +398: E:/r12-current-inputs-client-20260908/packages/app_shell/test/pokrov_seed_app_test.dart: Android can keep selected apps direct and route the rest by VPN
00:31 +399: E:/r12-current-inputs-client-20260908/packages/app_shell/test/pokrov_seed_app_test.dart: RU app presets classify installed packages and confirm both modes
00:31 +400: E:/r12-current-inputs-client-20260908/packages/app_shell/test/pokrov_seed_app_test.dart: rules app picker adds a known Android application
00:31 +401: E:/r12-current-inputs-client-20260908/packages/app_shell/test/pokrov_seed_app_test.dart: rules app picker can use native Android catalog
00:31 +402: E:/r12-current-inputs-client-20260908/packages/app_shell/test/pokrov_seed_app_test.dart: advanced settings open as diagnostics without acknowledgement
00:32 +403: E:/r12-current-inputs-client-20260908/packages/app_shell/test/pokrov_seed_app_test.dart: diagnostics creates a case with one encrypted bundle action
00:32 +404: E:/r12-current-inputs-client-20260908/packages/app_shell/test/pokrov_seed_app_test.dart: android protection surface keeps degraded runtime messaging consumer friendly
00:32 +405: E:/r12-current-inputs-client-20260908/packages/app_shell/test/pokrov_seed_app_test.dart: windows observes service loss after a long connected session
00:32 +406: E:/r12-current-inputs-client-20260908/packages/app_shell/test/pokrov_seed_app_test.dart: android refreshes delayed degraded host health after connect
00:32 +407: E:/r12-current-inputs-client-20260908/packages/app_shell/test/pokrov_seed_app_test.dart: android running waits for selected-outbound egress proof
00:33 +408: E:/r12-current-inputs-client-20260908/packages/app_shell/test/pokrov_seed_app_test.dart: android running marks failed selected-outbound egress degraded
00:33 +409: E:/r12-current-inputs-client-20260908/packages/app_shell/test/pokrov_seed_app_test.dart: android running shows connected after selected-outbound egress proof
00:33 +410: E:/r12-current-inputs-client-20260908/packages/app_shell/test/pokrov_seed_app_test.dart: explicit inactive subscription blocks cached reconnect on profile 503
00:33 +411: E:/r12-current-inputs-client-20260908/packages/app_shell/test/pokrov_seed_app_test.dart: explicit inactive subscription disconnects a cached tunnel on resume
00:33 +412: E:/r12-current-inputs-client-20260908/packages/app_shell/test/pokrov_seed_app_test.dart: inactive subscription during native connect stops the settled tunnel
00:33 +413: E:/r12-current-inputs-client-20260908/packages/app_shell/test/pokrov_seed_app_test.dart: cached Android profile handles API 503 after app restart
00:33 +414: E:/r12-current-inputs-client-20260908/packages/app_shell/test/pokrov_seed_app_test.dart: cached Android profile handles API 403 after app restart
00:33 +415: E:/r12-current-inputs-client-20260908/packages/app_shell/test/pokrov_seed_app_test.dart: manual retry after egress failure retains the cached profile during API outage
00:33 +416: E:/r12-current-inputs-client-20260908/packages/app_shell/test/pokrov_seed_app_test.dart: android egress fail-closed stop clears the connected home state
00:34 +417: E:/r12-current-inputs-client-20260908/packages/app_shell/test/pokrov_seed_app_test.dart: managed fallback on android (lab: false, baseline failure: false, unavailable: false, refused: false)
00:34 +418: E:/r12-current-inputs-client-20260908/packages/app_shell/test/pokrov_seed_app_test.dart: managed fallback on android (lab: true, baseline failure: false, unavailable: false, refused: false)
00:34 +419: E:/r12-current-inputs-client-20260908/packages/app_shell/test/pokrov_seed_app_test.dart: managed fallback on windows (lab: true, baseline failure: false, unavailable: false, refused: false)
00:34 +420: E:/r12-current-inputs-client-20260908/packages/app_shell/test/pokrov_seed_app_test.dart: managed fallback on android (lab: true, baseline failure: true, unavailable: false, refused: false)
00:34 +421: E:/r12-current-inputs-client-20260908/packages/app_shell/test/pokrov_seed_app_test.dart: managed fallback on android (lab: true, baseline failure: false, unavailable: true, refused: false)
00:34 +422: E:/r12-current-inputs-client-20260908/packages/app_shell/test/pokrov_seed_app_test.dart: managed fallback on android (lab: true, baseline failure: false, unavailable: false, refused: true)
00:34 +423: E:/r12-current-inputs-client-20260908/packages/app_shell/test/pokrov_seed_app_test.dart: stale Android egress poll cannot override a newer connection
00:34 +424: E:/r12-current-inputs-client-20260908/packages/app_shell/test/pokrov_seed_app_test.dart: android protection surface hides raw top-level host diagnostics
00:34 +425: E:/r12-current-inputs-client-20260908/packages/app_shell/test/pokrov_seed_app_test.dart: shows a single logical location in locations
00:34 +426: E:/r12-current-inputs-client-20260908/packages/app_shell/test/pokrov_seed_app_test.dart: stale manual location can return to automatic before provisioning
00:35 +427: E:/r12-current-inputs-client-20260908/packages/app_shell/test/pokrov_seed_app_test.dart: recent automatic node stays automatic after restart
00:35 +428: E:/r12-current-inputs-client-20260908/packages/app_shell/test/pokrov_seed_app_test.dart: automatic Smart Connect stickiness never becomes a manual preference
00:35 +429: E:/r12-current-inputs-client-20260908/packages/app_shell/test/pokrov_seed_app_test.dart: locations screen renders backend catalog cities
00:35 +430: E:/r12-current-inputs-client-20260908/packages/app_shell/test/pokrov_seed_app_test.dart: manual city scrolls every variant into the safe sheet viewport
00:35 +431: E:/r12-current-inputs-client-20260908/packages/app_shell/test/pokrov_seed_app_test.dart: catalog refresh resets a removed preferred variant to direct
00:35 +432: E:/r12-current-inputs-client-20260908/packages/app_shell/test/pokrov_seed_app_test.dart: selected city shows active, available and unavailable variant status
00:35 +433: E:/r12-current-inputs-client-20260908/packages/app_shell/test/pokrov_seed_app_test.dart: location refresh spinner stays out of the Auto card
00:35 +434: E:/r12-current-inputs-client-20260908/packages/app_shell/test/pokrov_seed_app_test.dart: WARP with a white-list variant fails before runtime staging
00:35 +435: E:/r12-current-inputs-client-20260908/packages/app_shell/test/pokrov_seed_app_test.dart: locations stay readable at 200 percent on narrow Android
00:36 +436: E:/r12-current-inputs-client-20260908/packages/app_shell/test/pokrov_seed_app_test.dart: cached catalog allows recovery selection before Smart Connect resolves
00:36 +437: E:/r12-current-inputs-client-20260908/packages/app_shell/test/pokrov_seed_app_test.dart: manual location restarts the active tunnel and promotes the fresh profile
00:36 +438: E:/r12-current-inputs-client-20260908/packages/app_shell/test/pokrov_seed_app_test.dart: locations keep cached catalog favorites and recents offline
00:36 +439: E:/r12-current-inputs-client-20260908/packages/app_shell/test/pokrov_seed_app_test.dart: home bell opens cached notifications when refresh is offline
00:36 +440: E:/r12-current-inputs-client-20260908/packages/app_shell/test/pokrov_seed_app_test.dart: primary connect action auto-prepares and starts host runtime
00:36 +441: E:/r12-current-inputs-client-20260908/packages/app_shell/test/pokrov_seed_app_test.dart: long connect exposes the current stage and details after 10s
00:36 +442: E:/r12-current-inputs-client-20260908/packages/app_shell/test/pokrov_seed_app_test.dart: first route scope blocks an empty selected-apps list
00:37 +443: E:/r12-current-inputs-client-20260908/packages/app_shell/test/pokrov_seed_app_test.dart: late client-experience restore cannot replace first-connect route choice
00:37 +444: E:/r12-current-inputs-client-20260908/packages/app_shell/test/pokrov_seed_app_test.dart: first route scope confirmation survives a shell restart
00:37 +445: E:/r12-current-inputs-client-20260908/packages/app_shell/test/pokrov_seed_app_test.dart: primary connect activates once from pointer and keyboard
00:37 +446: E:/r12-current-inputs-client-20260908/packages/app_shell/test/pokrov_seed_app_test.dart: bootstrap failures surface as a calm recovery banner
00:37 +447: E:/r12-current-inputs-client-20260908/packages/app_shell/test/pokrov_seed_app_test.dart: unexpected runtime errors surface as redacted recovery feedback
00:37 +448: E:/r12-current-inputs-client-20260908/packages/app_shell/test/pokrov_seed_app_test.dart: android reconnect refreshes the managed profile even when one is already staged (success)
00:37 +449: E:/r12-current-inputs-client-20260908/packages/app_shell/test/pokrov_seed_app_test.dart: android reconnect refreshes the managed profile even when one is already staged (timeout)
00:37 +450: E:/r12-current-inputs-client-20260908/packages/app_shell/test/pokrov_seed_app_test.dart: android reconnect refreshes the managed profile even when one is already staged (rejected)
00:38 +451: E:/r12-current-inputs-client-20260908/packages/app_shell/test/pokrov_seed_app_test.dart: windows reconnect refreshes the managed profile even when one is already staged (success)
00:38 +452: E:/r12-current-inputs-client-20260908/packages/app_shell/test/pokrov_seed_app_test.dart: windows reconnect refreshes the managed profile even when one is already staged (timeout)
00:38 +453: E:/r12-current-inputs-client-20260908/packages/app_shell/test/pokrov_seed_app_test.dart: windows reconnect refreshes the managed profile even when one is already staged (rejected)
00:38 +454: E:/r12-current-inputs-client-20260908/packages/app_shell/test/pokrov_seed_app_test.dart: primary connect action is disabled when live connect is unavailable
00:38 +455: E:/r12-current-inputs-client-20260908/packages/app_shell/test/pokrov_seed_app_test.dart: first Android consent converges after delayed native running without lifecycle resume
00:38 +456: E:/r12-current-inputs-client-20260908/packages/app_shell/test/pokrov_seed_app_test.dart: primary connect action polls the host bridge until runtime is running
00:38 +457: E:/r12-current-inputs-client-20260908/packages/app_shell/test/pokrov_seed_app_test.dart: android shell refreshes runtime snapshot when the app resumes
00:38 +458: E:/r12-current-inputs-client-20260908/packages/app_shell/test/pokrov_seed_app_test.dart: tab changes animate through the shared tab transition wrapper
00:38 +459: E:/r12-current-inputs-client-20260908/packages/app_shell/test/pokrov_seed_app_test.dart: profile and rewards hub expose accent pull-to-refresh
00:39 +460: E:/r12-current-inputs-client-20260908/packages/app_shell/test/pokrov_seed_app_test.dart: home offers whitelist recovery after control-plane failure
00:39 +461: E:/r12-current-inputs-client-20260908/packages/app_shell/test/pokrov_seed_app_test.dart: whitelist mode opens ready for restricted networks without extra toggle
00:39 +462: E:/r12-current-inputs-client-20260908/packages/app_shell/test/pokrov_seed_app_test.dart: emergency page explains trial or paid access denial
00:39 +463: E:/r12-current-inputs-client-20260908/packages/app_shell/test/pokrov_seed_app_test.dart: emergency page never exposes raw transport failures
00:39 +464: E:/r12-current-inputs-client-20260908/packages/app_shell/test/pokrov_seed_app_test.dart: emergency catalogs fit 4 or 20 narrow rows
00:40 +465: E:/r12-current-inputs-client-20260908/packages/app_shell/test/pokrov_seed_app_test.dart: emergency disclosure gates profile resolution and connect
00:40 +466: E:/r12-current-inputs-client-20260908/packages/app_shell/test/pokrov_seed_app_test.dart: emergency connect rotates to the next reserve on Android
00:41 +467: E:/r12-current-inputs-client-20260908/packages/app_shell/test/pokrov_seed_app_test.dart: emergency connect rotates after the full-chain egress probe fails
00:41 +468: E:/r12-current-inputs-client-20260908/packages/app_shell/test/pokrov_seed_app_test.dart: manual whitelist route keeps the selected hop chain
00:41 +469: E:/r12-current-inputs-client-20260908/packages/app_shell/test/pokrov_seed_app_test.dart: emergency connect reports when every saved reserve is blocked
00:42 +470: E:/r12-current-inputs-client-20260908/packages/app_shell/test/pokrov_seed_app_test.dart: connection CTA and live status have one semantic source
00:42 +471: E:/r12-current-inputs-client-20260908/packages/app_shell/test/pokrov_seed_app_test.dart: matches deterministic critical-state goldens
00:42 +472: E:/r12-current-inputs-client-20260908/packages/app_shell/test/pokrov_seed_app_test.dart: builds seed app context for public and readiness-only host lanes
00:42 +473: All tests passed!
[PASS] client-widget-suite (52.311s)

[RUN] client-seed-contract
Client/Core version parity OK: app=1.2.0+4053 public=1.1.6 target_state=PRE_CANDIDATE_LOCAL core_pre_candidate=1.1.0 core_target=1.1.0 desktop_abi=2 core_checkout=PASS
Cross-repository product facts projection OK.
Cross-repository version truth OK: public=1.1.6 package=1.1.6+29 target=1.2.0+4053 state=PRE_CANDIDATE_LOCAL candidate=False
{"catalog_entry_count":127,"catalog_sha256":"1cef07aea2f859891794546569431d0e6aab91c6921729389fd63013f3002af1","event_schema_sha256":"24ae72442f778d7f1334ae0a4bf4d774738e4de275707b29420ec733af65cc17","status":"VALID"}
POKROV Core observability contracts OK: schema=1 contracts=2
Observability contract parity OK: platform/client/Core snapshots agree.
Release source logging gate OK: 160 production files.
Release source logging contract OK: real tree plus 4 negative cases.
Release-handoff v2 client contract OK: 16 cases.
Release rollback catalog contract OK: retained pointer plus 5 synthetic cases.
PASS: client release-v2 CI is strict and the Windows exact-candidate gate retains sanitized failure evidence.
Repository hygiene OK: effective_tracked=1113 retained_history=138 pending_temp_deletes=0 runtime_binaries=3
PASS: standard client gate analyzes testless modules, tests all test-bearing modules and both Android flavors, and resolves Gradle and Python tools on Windows/Linux.
Client presentation boundary OK: aggregate Home state/intents, five coordinators, update feature owner, progressive protection disclosure, 29 parts, centralized haptics.
Client performance samples: C:\Users\kiwun\AppData\Local\Temp\pokrov-client-performance-1ebdb6656ed3432293ba5cca6b40202a\cpu-counter-0.json
Mode: WindowsIdleCpu; retained samples: 1; discarded warmups: 0
Client performance collector contract OK.
Client docs contract OK.
Seed scaffold OK:
E:\r12-current-inputs-client-20260908
[PASS] client-seed-contract (51.753s)

[RUN] client-docs-contract
Client docs contract OK.
[PASS] client-docs-contract (4.632s)

[RUN] webapp-lint

> pokrov-webapp@0.1.0 lint
> eslint

[PASS] webapp-lint (35.783s)

[RUN] webapp-build

> pokrov-webapp@0.1.0 build
> next build && node ./scripts/fix-export-segment-paths.mjs

▲ Next.js 16.3.2 (Turbopack)
✓ Running next.config.ts took 121ms
- Experiments (use with caution):
  ✓ externalDir

  Creating an optimized production build ...

-----
FATAL: An unexpected Turbopack error occurred. A panic log has been written to C:\Users\kiwun\AppData\Local\Temp\next-panic-3a79d40c45c61bf6ae915ba447b51e6b.log.

To help make Turbopack better, report this error by clicking here: https://bugs.nextjs.org/search?category=turbopack-error-report&title=Turbopack%20Error%3A%20Symlink%20%5Bproject%5D%2Fwebapp%2Fnode_modules%20is%20invalid%2C%20it%20points%20out%20of%20the%20filesystem%20root&body=Turbopack%20version%3A%20%60d0ac8828%60%0ANext.js%20version%3A%20%600.0.0%60%0A%0AError%20message%3A%0A%60%60%60%0ASymlink%20%5Bproject%5D%2Fwebapp%2Fnode_modules%20is%20invalid%2C%20it%20points%20out%20of%20the%20filesystem%20root%0A%0ADebug%20info%3A%0A-%20Execution%20of%20get_all_written_entrypoints_with_issues_operation%20failed%0A-%20Execution%20of%20EntrypointsOperation%3A%3Anew%20failed%0A-%20Execution%20of%20all_entrypoints_write_to_disk_operation%20failed%0A-%20Execution%20of%20output_assets_operation%20failed%0A-%20Execution%20of%20Project%3A%3Aget_all_endpoint_groups_with_app_route_filter%20failed%0A-%20Execution%20of%20Project%3A%3Aentrypoints_with_app_route_filter%20failed%0A-%20Execution%20of%20AppProject%3A%3Aroutes_with_filter%20failed%0A-%20Execution%20of%20directory_tree_to_entrypoints_internal%20failed%0A-%20Execution%20of%20directory_tree_to_loader_tree%20failed%0A-%20Execution%20of%20try_get_next_package%20failed%0A-%20Execution%20of%20resolve%20failed%0A-%20Execution%20of%20resolve_internal%20failed%0A-%20Execution%20of%20find_package%20failed%0A-%20Symlink%20%5Bproject%5D%2Fwebapp%2Fnode_modules%20is%20invalid%2C%20it%20points%20out%20of%20the%20filesystem%20root%0A%60%60%60&labels=Turbopack,Turbopack%20Panic%20Backtrace
-----


> Build error occurred
Error [TurbopackInternalError]: Symlink [project]/webapp/node_modules is invalid, it points out of the filesystem root

Debug info:
- Execution of get_all_written_entrypoints_with_issues_operation failed
- Execution of EntrypointsOperation::new failed
- Execution of all_entrypoints_write_to_disk_operation failed
- Execution of output_assets_operation failed
- Execution of Project::get_all_endpoint_groups_with_app_route_filter failed
- Execution of Project::entrypoints_with_app_route_filter failed
- Execution of AppProject::routes_with_filter failed
- Execution of directory_tree_to_entrypoints_internal failed
- Execution of directory_tree_to_loader_tree failed
- Execution of try_get_next_package failed
- Execution of resolve failed
- Execution of resolve_internal failed
- Execution of find_package failed
- Symlink [project]/webapp/node_modules is invalid, it points out of the filesystem root
    at ignore-listed frames {
  type: 'TurbopackInternalError',
  location: undefined
}
[FAIL] webapp-build (8.026s)
{"candidate_proven": false, "local_status": "FAIL", "promotion_status": "MANUAL_OWNER_TEST", "report": "E:\\r12-integrated-acceptance-20260908\\current-quality\\010I-local-quality-gate.json"}
